Return-Path: <linux-ext4+bounces-6534-lists+linux-ext4=lfdr.de@vger.kernel.org>
X-Original-To: lists+linux-ext4@lfdr.de
Delivered-To: lists+linux-ext4@lfdr.de
Received: from am.mirrors.kernel.org (am.mirrors.kernel.org [147.75.80.249])
	by mail.lfdr.de (Postfix) with ESMTPS id 876B5A41290
	for <lists+linux-ext4@lfdr.de>; Mon, 24 Feb 2025 02:15:00 +0100 (CET)
Received: from smtp.subspace.kernel.org (relay.kernel.org [52.25.139.140])
	(using TLSv1.2 with cipher ECDHE-ECDSA-AES256-GCM-SHA384 (256/256 bits))
	(No client certificate requested)
	by am.mirrors.kernel.org (Postfix) with ESMTPS id 1FD99189450C
	for <lists+linux-ext4@lfdr.de>; Mon, 24 Feb 2025 01:15:03 +0000 (UTC)
Received: from localhost.localdomain (localhost.localdomain [127.0.0.1])
	by smtp.subspace.kernel.org (Postfix) with ESMTP id 5677F2AEE9;
	Mon, 24 Feb 2025 01:14:50 +0000 (UTC)
Authentication-Results: smtp.subspace.kernel.org;
	dkim=pass (2048-bit key) header.d=kernel.org header.i=@kernel.org header.b="lk2mxUyY"
X-Original-To: linux-ext4@vger.kernel.org
Received: from smtp.kernel.org (aws-us-west-2-korg-mail-1.web.codeaurora.org [10.30.226.201])
	(using TLSv1.2 with cipher ECDHE-RSA-AES256-GCM-SHA384 (256/256 bits))
	(No client certificate requested)
	by smtp.subspace.kernel.org (Postfix) with ESMTPS id 50058F4ED
	for <linux-ext4@vger.kernel.org>; Mon, 24 Feb 2025 01:14:48 +0000 (UTC)
Authentication-Results: smtp.subspace.kernel.org; arc=none smtp.client-ip=10.30.226.201
ARC-Seal:i=1; a=rsa-sha256; d=subspace.kernel.org; s=arc-20240116;
	t=1740359689; cv=none; b=EpuCIsGLt0kdhOkEFM5L4D47w1mQxRzm28p2gkrRuV96zsM+09N0Y2+Iw+yV89S/DhabLJUqukewsYX0zetAVkB9tSww45i7Tlu7JApBNjRHusC2t4dlvzI+/pR+wlVXQ1ssYPINTkKAGSVgHgvRn/EntsOyX0oNXymV910eMQU=
ARC-Message-Signature:i=1; a=rsa-sha256; d=subspace.kernel.org;
	s=arc-20240116; t=1740359689; c=relaxed/simple;
	bh=oEiTM0Ws+riGkvba2MdWIEI/77nNteVpHShmHzK2+uw=;
	h=Date:From:To:Cc:Subject:Message-ID:MIME-Version:Content-Type:
	 Content-Disposition; b=RKVDGinV+W5uMfmlXwq54N+m/hCZxboDtLx48pVl8BaAVMRJzQtmWddmLgB6NoL+PeN+AOhgx3qq/aVR1GmTYk+aNMIj54j2UmcNPZZtS1haPdWBAhWPCFq3AI1dxQ/NO5AAI7ahm20rMtOEDAuUSC3i/JBrUxcJMJ7HtV3rBms=
ARC-Authentication-Results:i=1; smtp.subspace.kernel.org; dkim=pass (2048-bit key) header.d=kernel.org header.i=@kernel.org header.b=lk2mxUyY; arc=none smtp.client-ip=10.30.226.201
Received: by smtp.kernel.org (Postfix) with ESMTPSA id 68FC5C4CEDD;
	Mon, 24 Feb 2025 01:14:48 +0000 (UTC)
DKIM-Signature: v=1; a=rsa-sha256; c=relaxed/simple; d=kernel.org;
	s=k20201202; t=1740359688;
	bh=oEiTM0Ws+riGkvba2MdWIEI/77nNteVpHShmHzK2+uw=;
	h=Date:From:To:Cc:Subject:From;
	b=lk2mxUyYRW4nd/xWntpaQh7h1uKDlJCrtMbfcTgT2602FxapSGaTSX3vGi0fNgOS+
	 IF8kKLwZuDaxBJjoD5qiKAvR0ZCYwnIZN1iV2L3U/SxniNSEVfWGEbB7HD/NthnTFh
	 CKPENEw3daGdVoTCTxzf9l1q0Ko2CH7HVbYh89A5EmXi+5AeM4AX5rHjoBvUnvvl7p
	 9qa3YM8NiuD70Le8N33/2M4G0X9h4+W2ncQhno+Qfhm2SQLDsuFbdaK/VNEWQyRNyy
	 6jfYSplLOv2B46uj3ry+1hR2BknFqg2dFarcR7C+dia0/dZfQgQJ8C696tz9s82VQX
	 Exn6ZFdGlcHxQ==
Date: Sun, 23 Feb 2025 17:14:46 -0800
From: Luis Chamberlain <mcgrof@kernel.org>
To: linux-ext4@vger.kernel.org, linux-mm@kvack.org, gost.dev@samsung.com
Cc: Luis Chamberlain <mcgrof@kernel.org>
Subject: ext4 crash on generic/437 on 6.14-rc3 on truncation
Message-ID: <Z7vIBq-Zuo6Z7ihr@bombadil.infradead.org>
Precedence: bulk
X-Mailing-List: linux-ext4@vger.kernel.org
List-Id: <linux-ext4.vger.kernel.org>
List-Subscribe: <mailto:linux-ext4+subscribe@vger.kernel.org>
List-Unsubscribe: <mailto:linux-ext4+unsubscribe@vger.kernel.org>
MIME-Version: 1.0
Content-Type: text/plain; charset=us-ascii
Content-Disposition: inline

I am not sure if its known but generic/437 has been found to crash on
6.14-rc3. The failure rate is not 100% and I have not yet established
it, but figured I'd report it instead of waiting for the failure rate
computation.

I found this while just testing the a regular 4k ext4 filesystem on
x86_64. The test environment is kdevops using qemu and x86_64 VMs.

The full splat follows but the gist is a truncation leading to a
CONFIG_DEBUG_VM VM_BUG_ON_FOLIO(folio_mapped(folio)) assert on
filemap_unaccount_folio():

Feb 21 22:06:38 extra-ext4-4k kernel: Linux version 6.14.0-rc3 (mcgrof@kdevops) (gcc (Debian 14.2.0-12) 14.2.0, GNU ld (GNU Binutils for Debian) 2.44) #1 SMP PREEMPT_DYNAMIC Fri Feb 21 21:47:48 UTC 2025
Feb 21 22:06:38 extra-ext4-4k kernel: Command line: BOOT_IMAGE=/boot/vmlinuz-6.14.0-rc3 root=PARTUUID=503fa6f2-2d5b-4d7e-8cf8-3a811de326ce ro console=tty0 console=tty1 console=ttyS0,115200n8 console=ttyS0
Feb 21 22:06:38 extra-ext4-4k kernel: BIOS-provided physical RAM map:
Feb 21 22:06:38 extra-ext4-4k kernel: BIOS-e820: [mem 0x0000000000000000-0x000000000009ffff] usable
Feb 21 22:06:38 extra-ext4-4k kernel: BIOS-e820: [mem 0x0000000000100000-0x00000000007fffff] usable
Feb 21 22:06:38 extra-ext4-4k kernel: BIOS-e820: [mem 0x0000000000800000-0x0000000000807fff] ACPI NVS
Feb 21 22:06:38 extra-ext4-4k kernel: BIOS-e820: [mem 0x0000000000808000-0x000000000080afff] usable
Feb 21 22:06:38 extra-ext4-4k kernel: BIOS-e820: [mem 0x000000000080b000-0x000000000080bfff] ACPI NVS
Feb 21 22:06:38 extra-ext4-4k kernel: BIOS-e820: [mem 0x000000000080c000-0x0000000000810fff] usable
Feb 21 22:06:38 extra-ext4-4k kernel: BIOS-e820: [mem 0x0000000000811000-0x00000000008fffff] ACPI NVS
Feb 21 22:06:38 extra-ext4-4k kernel: BIOS-e820: [mem 0x0000000000900000-0x000000007eb3efff] usable
Feb 21 22:06:38 extra-ext4-4k kernel: BIOS-e820: [mem 0x000000007eb3f000-0x000000007ebfffff] reserved
Feb 21 22:06:38 extra-ext4-4k kernel: BIOS-e820: [mem 0x000000007ec00000-0x000000007f6ecfff] usable
Feb 21 22:06:38 extra-ext4-4k kernel: BIOS-e820: [mem 0x000000007f6ed000-0x000000007f96cfff] reserved
Feb 21 22:06:38 extra-ext4-4k kernel: BIOS-e820: [mem 0x000000007f96d000-0x000000007f97efff] ACPI data
Feb 21 22:06:38 extra-ext4-4k kernel: BIOS-e820: [mem 0x000000007f97f000-0x000000007f9fefff] ACPI NVS
Feb 21 22:06:38 extra-ext4-4k kernel: BIOS-e820: [mem 0x000000007f9ff000-0x000000007fe51fff] usable
Feb 21 22:06:38 extra-ext4-4k kernel: BIOS-e820: [mem 0x000000007fe52000-0x000000007fe55fff] reserved
Feb 21 22:06:38 extra-ext4-4k kernel: BIOS-e820: [mem 0x000000007fe56000-0x000000007fe57fff] ACPI NVS
Feb 21 22:06:38 extra-ext4-4k kernel: BIOS-e820: [mem 0x000000007fe58000-0x000000007febbfff] usable
Feb 21 22:06:38 extra-ext4-4k kernel: BIOS-e820: [mem 0x000000007febc000-0x000000007ff3ffff] reserved
Feb 21 22:06:38 extra-ext4-4k kernel: BIOS-e820: [mem 0x000000007ff40000-0x000000007fffffff] ACPI NVS
Feb 21 22:06:38 extra-ext4-4k kernel: BIOS-e820: [mem 0x00000000e0000000-0x00000000efffffff] reserved
Feb 21 22:06:38 extra-ext4-4k kernel: BIOS-e820: [mem 0x00000000feffc000-0x00000000feffffff] reserved
Feb 21 22:06:38 extra-ext4-4k kernel: BIOS-e820: [mem 0x00000000ffc00000-0x00000000ffffffff] reserved
Feb 21 22:06:38 extra-ext4-4k kernel: BIOS-e820: [mem 0x0000000100000000-0x000000017fffffff] usable
Feb 21 22:06:38 extra-ext4-4k kernel: NX (Execute Disable) protection: active
Feb 21 22:06:38 extra-ext4-4k kernel: APIC: Static calls initialized
Feb 21 22:06:38 extra-ext4-4k kernel: e820: update [mem 0x7e0ea018-0x7e13e657] usable ==> usable
Feb 21 22:06:38 extra-ext4-4k kernel: extended physical RAM map:
Feb 21 22:06:38 extra-ext4-4k kernel: reserve setup_data: [mem 0x0000000000000000-0x000000000009ffff] usable
Feb 21 22:06:38 extra-ext4-4k kernel: reserve setup_data: [mem 0x0000000000100000-0x00000000007fffff] usable
Feb 21 22:06:38 extra-ext4-4k kernel: reserve setup_data: [mem 0x0000000000800000-0x0000000000807fff] ACPI NVS
Feb 21 22:06:38 extra-ext4-4k kernel: reserve setup_data: [mem 0x0000000000808000-0x000000000080afff] usable
Feb 21 22:06:38 extra-ext4-4k kernel: reserve setup_data: [mem 0x000000000080b000-0x000000000080bfff] ACPI NVS
Feb 21 22:06:38 extra-ext4-4k kernel: reserve setup_data: [mem 0x000000000080c000-0x0000000000810fff] usable
Feb 21 22:06:38 extra-ext4-4k kernel: reserve setup_data: [mem 0x0000000000811000-0x00000000008fffff] ACPI NVS
Feb 21 22:06:38 extra-ext4-4k kernel: reserve setup_data: [mem 0x0000000000900000-0x000000007e0ea017] usable
Feb 21 22:06:38 extra-ext4-4k kernel: reserve setup_data: [mem 0x000000007e0ea018-0x000000007e13e657] usable
Feb 21 22:06:38 extra-ext4-4k kernel: reserve setup_data: [mem 0x000000007e13e658-0x000000007eb3efff] usable
Feb 21 22:06:38 extra-ext4-4k kernel: reserve setup_data: [mem 0x000000007eb3f000-0x000000007ebfffff] reserved
Feb 21 22:06:38 extra-ext4-4k kernel: reserve setup_data: [mem 0x000000007ec00000-0x000000007f6ecfff] usable
Feb 21 22:06:38 extra-ext4-4k kernel: reserve setup_data: [mem 0x000000007f6ed000-0x000000007f96cfff] reserved
Feb 21 22:06:38 extra-ext4-4k kernel: reserve setup_data: [mem 0x000000007f96d000-0x000000007f97efff] ACPI data
Feb 21 22:06:38 extra-ext4-4k kernel: reserve setup_data: [mem 0x000000007f97f000-0x000000007f9fefff] ACPI NVS
Feb 21 22:06:38 extra-ext4-4k kernel: reserve setup_data: [mem 0x000000007f9ff000-0x000000007fe51fff] usable
Feb 21 22:06:38 extra-ext4-4k kernel: reserve setup_data: [mem 0x000000007fe52000-0x000000007fe55fff] reserved
Feb 21 22:06:38 extra-ext4-4k kernel: reserve setup_data: [mem 0x000000007fe56000-0x000000007fe57fff] ACPI NVS
Feb 21 22:06:38 extra-ext4-4k kernel: reserve setup_data: [mem 0x000000007fe58000-0x000000007febbfff] usable
Feb 21 22:06:38 extra-ext4-4k kernel: reserve setup_data: [mem 0x000000007febc000-0x000000007ff3ffff] reserved
Feb 21 22:06:38 extra-ext4-4k kernel: reserve setup_data: [mem 0x000000007ff40000-0x000000007fffffff] ACPI NVS
Feb 21 22:06:38 extra-ext4-4k kernel: reserve setup_data: [mem 0x00000000e0000000-0x00000000efffffff] reserved
Feb 21 22:06:38 extra-ext4-4k kernel: reserve setup_data: [mem 0x00000000feffc000-0x00000000feffffff] reserved
Feb 21 22:06:38 extra-ext4-4k kernel: reserve setup_data: [mem 0x00000000ffc00000-0x00000000ffffffff] reserved
Feb 21 22:06:38 extra-ext4-4k kernel: reserve setup_data: [mem 0x0000000100000000-0x000000017fffffff] usable
Feb 21 22:06:38 extra-ext4-4k kernel: efi: EFI v2.7 by Debian distribution of EDK II
Feb 21 22:06:38 extra-ext4-4k kernel: efi: SMBIOS=0x7f788000 ACPI=0x7f97e000 ACPI 2.0=0x7f97e014 MEMATTR=0x7e15a018 INITRD=0x7e15ba98 RNG=0x7f974018 
Feb 21 22:06:38 extra-ext4-4k kernel: random: crng init done
Feb 21 22:06:38 extra-ext4-4k kernel: efi: Remove mem151: MMIO range=[0xffc00000-0xffffffff] (4MB) from e820 map
Feb 21 22:06:38 extra-ext4-4k kernel: e820: remove [mem 0xffc00000-0xffffffff] reserved
Feb 21 22:06:38 extra-ext4-4k kernel: SMBIOS 2.8 present.
Feb 21 22:06:38 extra-ext4-4k kernel: DMI: QEMU Standard PC (Q35 + ICH9, 2009), BIOS 2024.11-5 01/28/2025
Feb 21 22:06:38 extra-ext4-4k kernel: DMI: Memory slots populated: 1/1
Feb 21 22:06:38 extra-ext4-4k kernel: Hypervisor detected: KVM
Feb 21 22:06:38 extra-ext4-4k kernel: kvm-clock: Using msrs 4b564d01 and 4b564d00
Feb 21 22:06:38 extra-ext4-4k kernel: kvm-clock: using sched offset of 2088733269219 cycles
Feb 21 22:06:38 extra-ext4-4k kernel: clocksource: kvm-clock: mask: 0xffffffffffffffff max_cycles: 0x1cd42e4dffb, max_idle_ns: 881590591483 ns
Feb 21 22:06:38 extra-ext4-4k kernel: tsc: Detected 2194.842 MHz processor
Feb 21 22:06:38 extra-ext4-4k kernel: e820: update [mem 0x00000000-0x00000fff] usable ==> reserved
Feb 21 22:06:38 extra-ext4-4k kernel: e820: remove [mem 0x000a0000-0x000fffff] usable
Feb 21 22:06:38 extra-ext4-4k kernel: last_pfn = 0x180000 max_arch_pfn = 0x400000000
Feb 21 22:06:38 extra-ext4-4k kernel: MTRR map: 4 entries (2 fixed + 2 variable; max 18), built from 8 variable MTRRs
Feb 21 22:06:38 extra-ext4-4k kernel: x86/PAT: Configuration [0-7]: WB  WC  UC- UC  WB  WP  UC- WT  
Feb 21 22:06:38 extra-ext4-4k kernel: last_pfn = 0x7febc max_arch_pfn = 0x400000000
Feb 21 22:06:38 extra-ext4-4k kernel: Using GB pages for direct mapping
Feb 21 22:06:38 extra-ext4-4k kernel: Secure boot disabled
Feb 21 22:06:38 extra-ext4-4k kernel: RAMDISK: [mem 0x734c5000-0x79e7dfff]
Feb 21 22:06:38 extra-ext4-4k kernel: ACPI: Early table checksum verification disabled
Feb 21 22:06:38 extra-ext4-4k kernel: ACPI: RSDP 0x000000007F97E014 000024 (v02 BOCHS )
Feb 21 22:06:38 extra-ext4-4k kernel: ACPI: XSDT 0x000000007F97D0E8 000044 (v01 BOCHS  BXPC     00000001      01000013)
Feb 21 22:06:38 extra-ext4-4k kernel: ACPI: FACP 0x000000007F978000 0000F4 (v03 BOCHS  BXPC     00000001 BXPC 00000001)
Feb 21 22:06:38 extra-ext4-4k kernel: ACPI: DSDT 0x000000007F979000 0034E1 (v01 BOCHS  BXPC     00000001 BXPC 00000001)
Feb 21 22:06:38 extra-ext4-4k kernel: ACPI: FACS 0x000000007F9DD000 000040
Feb 21 22:06:38 extra-ext4-4k kernel: ACPI: APIC 0x000000007F977000 0000B0 (v03 BOCHS  BXPC     00000001 BXPC 00000001)
Feb 21 22:06:38 extra-ext4-4k kernel: ACPI: MCFG 0x000000007F976000 00003C (v01 BOCHS  BXPC     00000001 BXPC 00000001)
Feb 21 22:06:38 extra-ext4-4k kernel: ACPI: WAET 0x000000007F975000 000028 (v01 BOCHS  BXPC     00000001 BXPC 00000001)
Feb 21 22:06:38 extra-ext4-4k kernel: ACPI: Reserving FACP table memory at [mem 0x7f978000-0x7f9780f3]
Feb 21 22:06:38 extra-ext4-4k kernel: ACPI: Reserving DSDT table memory at [mem 0x7f979000-0x7f97c4e0]
Feb 21 22:06:38 extra-ext4-4k kernel: ACPI: Reserving FACS table memory at [mem 0x7f9dd000-0x7f9dd03f]
Feb 21 22:06:38 extra-ext4-4k kernel: ACPI: Reserving APIC table memory at [mem 0x7f977000-0x7f9770af]
Feb 21 22:06:38 extra-ext4-4k kernel: ACPI: Reserving MCFG table memory at [mem 0x7f976000-0x7f97603b]
Feb 21 22:06:38 extra-ext4-4k kernel: ACPI: Reserving WAET table memory at [mem 0x7f975000-0x7f975027]
Feb 21 22:06:38 extra-ext4-4k kernel: No NUMA configuration found
Feb 21 22:06:38 extra-ext4-4k kernel: Faking a node at [mem 0x0000000000000000-0x000000017fffffff]
Feb 21 22:06:38 extra-ext4-4k kernel: NODE_DATA(0) allocated [mem 0x17fff8ac0-0x17fffdfff]
Feb 21 22:06:38 extra-ext4-4k kernel: Zone ranges:
Feb 21 22:06:38 extra-ext4-4k kernel:   DMA      [mem 0x0000000000001000-0x0000000000ffffff]
Feb 21 22:06:38 extra-ext4-4k kernel:   DMA32    [mem 0x0000000001000000-0x00000000ffffffff]
Feb 21 22:06:38 extra-ext4-4k kernel:   Normal   [mem 0x0000000100000000-0x000000017fffffff]
Feb 21 22:06:38 extra-ext4-4k kernel:   Device   empty
Feb 21 22:06:38 extra-ext4-4k kernel: Movable zone start for each node
Feb 21 22:06:38 extra-ext4-4k kernel: Early memory node ranges
Feb 21 22:06:38 extra-ext4-4k kernel:   node   0: [mem 0x0000000000001000-0x000000000009ffff]
Feb 21 22:06:38 extra-ext4-4k kernel:   node   0: [mem 0x0000000000100000-0x00000000007fffff]
Feb 21 22:06:38 extra-ext4-4k kernel:   node   0: [mem 0x0000000000808000-0x000000000080afff]
Feb 21 22:06:38 extra-ext4-4k kernel:   node   0: [mem 0x000000000080c000-0x0000000000810fff]
Feb 21 22:06:38 extra-ext4-4k kernel:   node   0: [mem 0x0000000000900000-0x000000007eb3efff]
Feb 21 22:06:38 extra-ext4-4k kernel:   node   0: [mem 0x000000007ec00000-0x000000007f6ecfff]
Feb 21 22:06:38 extra-ext4-4k kernel:   node   0: [mem 0x000000007f9ff000-0x000000007fe51fff]
Feb 21 22:06:38 extra-ext4-4k kernel:   node   0: [mem 0x000000007fe58000-0x000000007febbfff]
Feb 21 22:06:38 extra-ext4-4k kernel:   node   0: [mem 0x0000000100000000-0x000000017fffffff]
Feb 21 22:06:38 extra-ext4-4k kernel: Initmem setup node 0 [mem 0x0000000000001000-0x000000017fffffff]
Feb 21 22:06:38 extra-ext4-4k kernel: On node 0, zone DMA: 1 pages in unavailable ranges
Feb 21 22:06:38 extra-ext4-4k kernel: On node 0, zone DMA: 96 pages in unavailable ranges
Feb 21 22:06:38 extra-ext4-4k kernel: On node 0, zone DMA: 8 pages in unavailable ranges
Feb 21 22:06:38 extra-ext4-4k kernel: On node 0, zone DMA: 1 pages in unavailable ranges
Feb 21 22:06:38 extra-ext4-4k kernel: On node 0, zone DMA: 239 pages in unavailable ranges
Feb 21 22:06:38 extra-ext4-4k kernel: On node 0, zone DMA32: 193 pages in unavailable ranges
Feb 21 22:06:38 extra-ext4-4k kernel: On node 0, zone DMA32: 786 pages in unavailable ranges
Feb 21 22:06:38 extra-ext4-4k kernel: On node 0, zone DMA32: 6 pages in unavailable ranges
Feb 21 22:06:38 extra-ext4-4k kernel: On node 0, zone Normal: 324 pages in unavailable ranges
Feb 21 22:06:38 extra-ext4-4k kernel: ACPI: PM-Timer IO Port: 0x608
Feb 21 22:06:38 extra-ext4-4k kernel: ACPI: LAPIC_NMI (acpi_id[0xff] dfl dfl lint[0x1])
Feb 21 22:06:38 extra-ext4-4k kernel: IOAPIC[0]: apic_id 0, version 17, address 0xfec00000, GSI 0-23
Feb 21 22:06:38 extra-ext4-4k kernel: ACPI: INT_SRC_OVR (bus 0 bus_irq 0 global_irq 2 dfl dfl)
Feb 21 22:06:38 extra-ext4-4k kernel: ACPI: INT_SRC_OVR (bus 0 bus_irq 5 global_irq 5 high level)
Feb 21 22:06:38 extra-ext4-4k kernel: ACPI: INT_SRC_OVR (bus 0 bus_irq 9 global_irq 9 high level)
Feb 21 22:06:38 extra-ext4-4k kernel: ACPI: INT_SRC_OVR (bus 0 bus_irq 10 global_irq 10 high level)
Feb 21 22:06:38 extra-ext4-4k kernel: ACPI: INT_SRC_OVR (bus 0 bus_irq 11 global_irq 11 high level)
Feb 21 22:06:38 extra-ext4-4k kernel: ACPI: Using ACPI (MADT) for SMP configuration information
Feb 21 22:06:38 extra-ext4-4k kernel: TSC deadline timer available
Feb 21 22:06:38 extra-ext4-4k kernel: CPU topo: Max. logical packages:   8
Feb 21 22:06:38 extra-ext4-4k kernel: CPU topo: Max. logical dies:       8
Feb 21 22:06:38 extra-ext4-4k kernel: CPU topo: Max. dies per package:   1
Feb 21 22:06:38 extra-ext4-4k kernel: CPU topo: Max. threads per core:   1
Feb 21 22:06:38 extra-ext4-4k kernel: CPU topo: Num. cores per package:     1
Feb 21 22:06:38 extra-ext4-4k kernel: CPU topo: Num. threads per package:   1
Feb 21 22:06:38 extra-ext4-4k kernel: CPU topo: Allowing 8 present CPUs plus 0 hotplug CPUs
Feb 21 22:06:38 extra-ext4-4k kernel: kvm-guest: APIC: eoi() replaced with kvm_guest_apic_eoi_write()
Feb 21 22:06:38 extra-ext4-4k kernel: kvm-guest: KVM setup pv remote TLB flush
Feb 21 22:06:38 extra-ext4-4k kernel: kvm-guest: setup PV sched yield
Feb 21 22:06:38 extra-ext4-4k kernel: PM: hibernation: Registered nosave memory: [mem 0x00000000-0x00000fff]
Feb 21 22:06:38 extra-ext4-4k kernel: PM: hibernation: Registered nosave memory: [mem 0x000a0000-0x000fffff]
Feb 21 22:06:38 extra-ext4-4k kernel: PM: hibernation: Registered nosave memory: [mem 0x00800000-0x00807fff]
Feb 21 22:06:38 extra-ext4-4k kernel: PM: hibernation: Registered nosave memory: [mem 0x0080b000-0x0080bfff]
Feb 21 22:06:38 extra-ext4-4k kernel: PM: hibernation: Registered nosave memory: [mem 0x00811000-0x008fffff]
Feb 21 22:06:38 extra-ext4-4k kernel: PM: hibernation: Registered nosave memory: [mem 0x7e0ea000-0x7e0eafff]
Feb 21 22:06:38 extra-ext4-4k kernel: PM: hibernation: Registered nosave memory: [mem 0x7e13e000-0x7e13efff]
Feb 21 22:06:38 extra-ext4-4k kernel: PM: hibernation: Registered nosave memory: [mem 0x7eb3f000-0x7ebfffff]
Feb 21 22:06:38 extra-ext4-4k kernel: PM: hibernation: Registered nosave memory: [mem 0x7f6ed000-0x7f96cfff]
Feb 21 22:06:38 extra-ext4-4k kernel: PM: hibernation: Registered nosave memory: [mem 0x7f96d000-0x7f97efff]
Feb 21 22:06:38 extra-ext4-4k kernel: PM: hibernation: Registered nosave memory: [mem 0x7f97f000-0x7f9fefff]
Feb 21 22:06:38 extra-ext4-4k kernel: PM: hibernation: Registered nosave memory: [mem 0x7fe52000-0x7fe55fff]
Feb 21 22:06:38 extra-ext4-4k kernel: PM: hibernation: Registered nosave memory: [mem 0x7fe56000-0x7fe57fff]
Feb 21 22:06:38 extra-ext4-4k kernel: PM: hibernation: Registered nosave memory: [mem 0x7febc000-0x7ff3ffff]
Feb 21 22:06:38 extra-ext4-4k kernel: PM: hibernation: Registered nosave memory: [mem 0x7ff40000-0x7fffffff]
Feb 21 22:06:38 extra-ext4-4k kernel: PM: hibernation: Registered nosave memory: [mem 0x80000000-0xdfffffff]
Feb 21 22:06:38 extra-ext4-4k kernel: PM: hibernation: Registered nosave memory: [mem 0xe0000000-0xefffffff]
Feb 21 22:06:38 extra-ext4-4k kernel: PM: hibernation: Registered nosave memory: [mem 0xf0000000-0xfeffbfff]
Feb 21 22:06:38 extra-ext4-4k kernel: PM: hibernation: Registered nosave memory: [mem 0xfeffc000-0xfeffffff]
Feb 21 22:06:38 extra-ext4-4k kernel: PM: hibernation: Registered nosave memory: [mem 0xff000000-0xffffffff]
Feb 21 22:06:38 extra-ext4-4k kernel: [mem 0x80000000-0xdfffffff] available for PCI devices
Feb 21 22:06:38 extra-ext4-4k kernel: Booting paravirtualized kernel on KVM
Feb 21 22:06:38 extra-ext4-4k kernel: clocksource: refined-jiffies: mask: 0xffffffff max_cycles: 0xffffffff, max_idle_ns: 7645519600211568 ns
Feb 21 22:06:38 extra-ext4-4k kernel: setup_percpu: NR_CPUS:512 nr_cpumask_bits:8 nr_cpu_ids:8 nr_node_ids:1
Feb 21 22:06:38 extra-ext4-4k kernel: percpu: Embedded 61 pages/cpu s209432 r8192 d32232 u262144
Feb 21 22:06:38 extra-ext4-4k kernel: pcpu-alloc: s209432 r8192 d32232 u262144 alloc=1*2097152
Feb 21 22:06:38 extra-ext4-4k kernel: pcpu-alloc: [0] 0 1 2 3 4 5 6 7 
Feb 21 22:06:38 extra-ext4-4k kernel: kvm-guest: PV spinlocks enabled
Feb 21 22:06:38 extra-ext4-4k kernel: PV qspinlock hash table entries: 256 (order: 0, 4096 bytes, linear)
Feb 21 22:06:38 extra-ext4-4k kernel: Kernel command line: BOOT_IMAGE=/boot/vmlinuz-6.14.0-rc3 root=PARTUUID=503fa6f2-2d5b-4d7e-8cf8-3a811de326ce ro console=tty0 console=tty1 console=ttyS0,115200n8 console=ttyS0
Feb 21 22:06:38 extra-ext4-4k kernel: Unknown kernel command line parameters "BOOT_IMAGE=/boot/vmlinuz-6.14.0-rc3", will be passed to user space.
Feb 21 22:06:38 extra-ext4-4k kernel: printk: log buffer data + meta data: 131072 + 458752 = 589824 bytes
Feb 21 22:06:38 extra-ext4-4k kernel: Dentry cache hash table entries: 524288 (order: 10, 4194304 bytes, linear)
Feb 21 22:06:38 extra-ext4-4k kernel: Inode-cache hash table entries: 262144 (order: 9, 2097152 bytes, linear)
Feb 21 22:06:38 extra-ext4-4k kernel: Fallback order for Node 0: 0 
Feb 21 22:06:38 extra-ext4-4k kernel: Built 1 zonelists, mobility grouping on.  Total pages: 1046922
Feb 21 22:06:38 extra-ext4-4k kernel: Policy zone: Normal
Feb 21 22:06:38 extra-ext4-4k kernel: mem auto-init: stack:off, heap alloc:off, heap free:off
Feb 21 22:06:38 extra-ext4-4k kernel: stackdepot: allocating hash table via alloc_large_system_hash
Feb 21 22:06:38 extra-ext4-4k kernel: stackdepot hash table entries: 262144 (order: 10, 4194304 bytes, linear)
Feb 21 22:06:38 extra-ext4-4k kernel: software IO TLB: area num 8.
Feb 21 22:06:38 extra-ext4-4k kernel: SLUB: HWalign=64, Order=0-3, MinObjects=0, CPUs=8, Nodes=1
Feb 21 22:06:38 extra-ext4-4k kernel: ftrace: allocating 41797 entries in 164 pages
Feb 21 22:06:38 extra-ext4-4k kernel: ftrace: allocated 164 pages with 3 groups
Feb 21 22:06:38 extra-ext4-4k kernel: Dynamic Preempt: full
Feb 21 22:06:38 extra-ext4-4k kernel: rcu: Preemptible hierarchical RCU implementation.
Feb 21 22:06:38 extra-ext4-4k kernel: rcu:         RCU restricting CPUs from NR_CPUS=512 to nr_cpu_ids=8.
Feb 21 22:06:38 extra-ext4-4k kernel:         Trampoline variant of Tasks RCU enabled.
Feb 21 22:06:38 extra-ext4-4k kernel:         Rude variant of Tasks RCU enabled.
Feb 21 22:06:38 extra-ext4-4k kernel:         Tracing variant of Tasks RCU enabled.
Feb 21 22:06:38 extra-ext4-4k kernel: rcu: RCU calculated value of scheduler-enlistment delay is 25 jiffies.
Feb 21 22:06:38 extra-ext4-4k kernel: rcu: Adjusting geometry for rcu_fanout_leaf=16, nr_cpu_ids=8
Feb 21 22:06:38 extra-ext4-4k kernel: RCU Tasks: Setting shift to 3 and lim to 1 rcu_task_cb_adjust=1 rcu_task_cpu_ids=8.
Feb 21 22:06:38 extra-ext4-4k kernel: RCU Tasks Rude: Setting shift to 3 and lim to 1 rcu_task_cb_adjust=1 rcu_task_cpu_ids=8.
Feb 21 22:06:38 extra-ext4-4k kernel: RCU Tasks Trace: Setting shift to 3 and lim to 1 rcu_task_cb_adjust=1 rcu_task_cpu_ids=8.
Feb 21 22:06:38 extra-ext4-4k kernel: NR_IRQS: 33024, nr_irqs: 488, preallocated irqs: 16
Feb 21 22:06:38 extra-ext4-4k kernel: rcu: srcu_init: Setting srcu_struct sizes based on contention.
Feb 21 22:06:38 extra-ext4-4k kernel: Console: colour dummy device 80x25
Feb 21 22:06:38 extra-ext4-4k kernel: printk: legacy console [tty0] enabled
Feb 21 22:06:38 extra-ext4-4k kernel: printk: legacy console [ttyS0] enabled
Feb 21 22:06:38 extra-ext4-4k kernel: ACPI: Core revision 20240827
Feb 21 22:06:38 extra-ext4-4k kernel: APIC: Switch to symmetric I/O mode setup
Feb 21 22:06:38 extra-ext4-4k kernel: x2apic enabled
Feb 21 22:06:38 extra-ext4-4k kernel: APIC: Switched APIC routing to: physical x2apic
Feb 21 22:06:38 extra-ext4-4k kernel: kvm-guest: APIC: send_IPI_mask() replaced with kvm_send_ipi_mask()
Feb 21 22:06:38 extra-ext4-4k kernel: kvm-guest: APIC: send_IPI_mask_allbutself() replaced with kvm_send_ipi_mask_allbutself()
Feb 21 22:06:38 extra-ext4-4k kernel: kvm-guest: setup PV IPIs
Feb 21 22:06:38 extra-ext4-4k kernel: clocksource: tsc-early: mask: 0xffffffffffffffff max_cycles: 0x1fa32a29722, max_idle_ns: 440795224307 ns
Feb 21 22:06:38 extra-ext4-4k kernel: Calibrating delay loop (skipped) preset value.. 4389.68 BogoMIPS (lpj=8779368)
Feb 21 22:06:38 extra-ext4-4k kernel: x86/cpu: User Mode Instruction Prevention (UMIP) activated
Feb 21 22:06:38 extra-ext4-4k kernel: Last level iTLB entries: 4KB 0, 2MB 0, 4MB 0
Feb 21 22:06:38 extra-ext4-4k kernel: Last level dTLB entries: 4KB 0, 2MB 0, 4MB 0, 1GB 0
Feb 21 22:06:38 extra-ext4-4k kernel: Spectre V1 : Mitigation: usercopy/swapgs barriers and __user pointer sanitization
Feb 21 22:06:38 extra-ext4-4k kernel: Spectre V2 : WARNING: Unprivileged eBPF is enabled with eIBRS on, data leaks possible via Spectre v2 BHB attacks!
Feb 21 22:06:38 extra-ext4-4k kernel: Spectre V2 : Spectre BHI mitigation: SW BHB clearing on syscall and VM exit
Feb 21 22:06:38 extra-ext4-4k kernel: Spectre V2 : Mitigation: Enhanced / Automatic IBRS
Feb 21 22:06:38 extra-ext4-4k kernel: Spectre V2 : Spectre v2 / SpectreRSB mitigation: Filling RSB on context switch
Feb 21 22:06:38 extra-ext4-4k kernel: Spectre V2 : Spectre v2 / PBRSB-eIBRS: Retire a single CALL on VMEXIT
Feb 21 22:06:38 extra-ext4-4k kernel: Spectre V2 : mitigation: Enabling conditional Indirect Branch Prediction Barrier
Feb 21 22:06:38 extra-ext4-4k kernel: Speculative Store Bypass: Mitigation: Speculative Store Bypass disabled via prctl
Feb 21 22:06:38 extra-ext4-4k kernel: TAA: Mitigation: TSX disabled
Feb 21 22:06:38 extra-ext4-4k kernel: MMIO Stale Data: Vulnerable: Clear CPU buffers attempted, no microcode
Feb 21 22:06:38 extra-ext4-4k kernel: GDS: Unknown: Dependent on hypervisor status
Feb 21 22:06:38 extra-ext4-4k kernel: x86/fpu: Supporting XSAVE feature 0x001: 'x87 floating point registers'
Feb 21 22:06:38 extra-ext4-4k kernel: x86/fpu: Supporting XSAVE feature 0x002: 'SSE registers'
Feb 21 22:06:38 extra-ext4-4k kernel: x86/fpu: Supporting XSAVE feature 0x004: 'AVX registers'
Feb 21 22:06:38 extra-ext4-4k kernel: x86/fpu: Supporting XSAVE feature 0x020: 'AVX-512 opmask'
Feb 21 22:06:38 extra-ext4-4k kernel: x86/fpu: Supporting XSAVE feature 0x040: 'AVX-512 Hi256'
Feb 21 22:06:38 extra-ext4-4k kernel: x86/fpu: Supporting XSAVE feature 0x080: 'AVX-512 ZMM_Hi256'
Feb 21 22:06:38 extra-ext4-4k kernel: x86/fpu: Supporting XSAVE feature 0x200: 'Protection Keys User registers'
Feb 21 22:06:38 extra-ext4-4k kernel: x86/fpu: xstate_offset[2]:  576, xstate_sizes[2]:  256
Feb 21 22:06:38 extra-ext4-4k kernel: x86/fpu: xstate_offset[5]:  832, xstate_sizes[5]:   64
Feb 21 22:06:38 extra-ext4-4k kernel: x86/fpu: xstate_offset[6]:  896, xstate_sizes[6]:  512
Feb 21 22:06:38 extra-ext4-4k kernel: x86/fpu: xstate_offset[7]: 1408, xstate_sizes[7]: 1024
Feb 21 22:06:38 extra-ext4-4k kernel: x86/fpu: xstate_offset[9]: 2432, xstate_sizes[9]:    8
Feb 21 22:06:38 extra-ext4-4k kernel: x86/fpu: Enabled xstate features 0x2e7, context size is 2440 bytes, using 'compacted' format.
Feb 21 22:06:38 extra-ext4-4k kernel: Freeing SMP alternatives memory: 36K
Feb 21 22:06:38 extra-ext4-4k kernel: pid_max: default: 32768 minimum: 301
Feb 21 22:06:38 extra-ext4-4k kernel: LSM: initializing lsm=capability,yama,apparmor,tomoyo
Feb 21 22:06:38 extra-ext4-4k kernel: Yama: becoming mindful.
Feb 21 22:06:38 extra-ext4-4k kernel: AppArmor: AppArmor initialized
Feb 21 22:06:38 extra-ext4-4k kernel: TOMOYO Linux initialized
Feb 21 22:06:38 extra-ext4-4k kernel: Mount-cache hash table entries: 8192 (order: 4, 65536 bytes, linear)
Feb 21 22:06:38 extra-ext4-4k kernel: Mountpoint-cache hash table entries: 8192 (order: 4, 65536 bytes, linear)
Feb 21 22:06:38 extra-ext4-4k kernel: smpboot: CPU0: Intel(R) Xeon(R) Gold 6338N CPU @ 2.20GHz (family: 0x6, model: 0x6a, stepping: 0x6)
Feb 21 22:06:38 extra-ext4-4k kernel: Performance Events: PEBS fmt4+, Icelake events, 32-deep LBR, full-width counters, Intel PMU driver.
Feb 21 22:06:38 extra-ext4-4k kernel: ... version:                2
Feb 21 22:06:38 extra-ext4-4k kernel: ... bit width:              48
Feb 21 22:06:38 extra-ext4-4k kernel: ... generic registers:      8
Feb 21 22:06:38 extra-ext4-4k kernel: ... value mask:             0000ffffffffffff
Feb 21 22:06:38 extra-ext4-4k kernel: ... max period:             00007fffffffffff
Feb 21 22:06:38 extra-ext4-4k kernel: ... fixed-purpose events:   3
Feb 21 22:06:38 extra-ext4-4k kernel: ... event mask:             00000007000000ff
Feb 21 22:06:38 extra-ext4-4k kernel: signal: max sigframe size: 3632
Feb 21 22:06:38 extra-ext4-4k kernel: rcu: Hierarchical SRCU implementation.
Feb 21 22:06:38 extra-ext4-4k kernel: rcu:         Max phase no-delay instances is 1000.
Feb 21 22:06:38 extra-ext4-4k kernel: Timer migration: 1 hierarchy levels; 8 children per group; 1 crossnode level
Feb 21 22:06:38 extra-ext4-4k kernel: smp: Bringing up secondary CPUs ...
Feb 21 22:06:38 extra-ext4-4k kernel: smpboot: x86: Booting SMP configuration:
Feb 21 22:06:38 extra-ext4-4k kernel: .... node  #0, CPUs:      #1 #2 #3 #4 #5 #6 #7
Feb 21 22:06:38 extra-ext4-4k kernel: smp: Brought up 1 node, 8 CPUs
Feb 21 22:06:38 extra-ext4-4k kernel: smpboot: Total of 8 processors activated (35117.47 BogoMIPS)
Feb 21 22:06:38 extra-ext4-4k kernel: Memory: 3890036K/4187688K available (14131K kernel code, 1954K rwdata, 6004K rodata, 3148K init, 4776K bss, 288268K reserved, 0K cma-reserved)
Feb 21 22:06:38 extra-ext4-4k kernel: devtmpfs: initialized
Feb 21 22:06:38 extra-ext4-4k kernel: x86/mm: Memory block size: 128MB
Feb 21 22:06:38 extra-ext4-4k kernel: ACPI: PM: Registering ACPI NVS region [mem 0x00800000-0x00807fff] (32768 bytes)
Feb 21 22:06:38 extra-ext4-4k kernel: ACPI: PM: Registering ACPI NVS region [mem 0x0080b000-0x0080bfff] (4096 bytes)
Feb 21 22:06:38 extra-ext4-4k kernel: ACPI: PM: Registering ACPI NVS region [mem 0x00811000-0x008fffff] (978944 bytes)
Feb 21 22:06:38 extra-ext4-4k kernel: ACPI: PM: Registering ACPI NVS region [mem 0x7f97f000-0x7f9fefff] (524288 bytes)
Feb 21 22:06:38 extra-ext4-4k kernel: ACPI: PM: Registering ACPI NVS region [mem 0x7fe56000-0x7fe57fff] (8192 bytes)
Feb 21 22:06:38 extra-ext4-4k kernel: ACPI: PM: Registering ACPI NVS region [mem 0x7ff40000-0x7fffffff] (786432 bytes)
Feb 21 22:06:38 extra-ext4-4k kernel: clocksource: jiffies: mask: 0xffffffff max_cycles: 0xffffffff, max_idle_ns: 7645041785100000 ns
Feb 21 22:06:38 extra-ext4-4k kernel: futex hash table entries: 2048 (order: 5, 131072 bytes, linear)
Feb 21 22:06:38 extra-ext4-4k kernel: pinctrl core: initialized pinctrl subsystem
Feb 21 22:06:38 extra-ext4-4k kernel: NET: Registered PF_NETLINK/PF_ROUTE protocol family
Feb 21 22:06:38 extra-ext4-4k kernel: audit: initializing netlink subsys (disabled)
Feb 21 22:06:38 extra-ext4-4k kernel: audit: type=2000 audit(1740175593.592:1): state=initialized audit_enabled=0 res=1
Feb 21 22:06:38 extra-ext4-4k kernel: thermal_sys: Registered thermal governor 'fair_share'
Feb 21 22:06:38 extra-ext4-4k kernel: thermal_sys: Registered thermal governor 'bang_bang'
Feb 21 22:06:38 extra-ext4-4k kernel: thermal_sys: Registered thermal governor 'step_wise'
Feb 21 22:06:38 extra-ext4-4k kernel: thermal_sys: Registered thermal governor 'user_space'
Feb 21 22:06:38 extra-ext4-4k kernel: cpuidle: using governor ladder
Feb 21 22:06:38 extra-ext4-4k kernel: cpuidle: using governor menu
Feb 21 22:06:38 extra-ext4-4k kernel: acpiphp: ACPI Hot Plug PCI Controller Driver version: 0.5
Feb 21 22:06:38 extra-ext4-4k kernel: PCI: ECAM [mem 0xe0000000-0xefffffff] (base 0xe0000000) for domain 0000 [bus 00-ff]
Feb 21 22:06:38 extra-ext4-4k kernel: PCI: Using configuration type 1 for base access
Feb 21 22:06:38 extra-ext4-4k kernel: kprobes: kprobe jump-optimization is enabled. All kprobes are optimized if possible.
Feb 21 22:06:38 extra-ext4-4k kernel: HugeTLB: registered 1.00 GiB page size, pre-allocated 0 pages
Feb 21 22:06:38 extra-ext4-4k kernel: HugeTLB: 16380 KiB vmemmap can be freed for a 1.00 GiB page
Feb 21 22:06:38 extra-ext4-4k kernel: HugeTLB: registered 2.00 MiB page size, pre-allocated 0 pages
Feb 21 22:06:38 extra-ext4-4k kernel: HugeTLB: 28 KiB vmemmap can be freed for a 2.00 MiB page
Feb 21 22:06:38 extra-ext4-4k kernel: ACPI: Added _OSI(Module Device)
Feb 21 22:06:38 extra-ext4-4k kernel: ACPI: Added _OSI(Processor Device)
Feb 21 22:06:38 extra-ext4-4k kernel: ACPI: Added _OSI(3.0 _SCP Extensions)
Feb 21 22:06:38 extra-ext4-4k kernel: ACPI: Added _OSI(Processor Aggregator Device)
Feb 21 22:06:38 extra-ext4-4k kernel: ACPI: 1 ACPI AML tables successfully acquired and loaded
Feb 21 22:06:38 extra-ext4-4k kernel: ACPI: Interpreter enabled
Feb 21 22:06:38 extra-ext4-4k kernel: ACPI: PM: (supports S0 S3 S4 S5)
Feb 21 22:06:38 extra-ext4-4k kernel: ACPI: Using IOAPIC for interrupt routing
Feb 21 22:06:38 extra-ext4-4k kernel: PCI: Using host bridge windows from ACPI; if necessary, use "pci=nocrs" and report a bug
Feb 21 22:06:38 extra-ext4-4k kernel: PCI: Ignoring E820 reservations for host bridge windows
Feb 21 22:06:38 extra-ext4-4k kernel: ACPI: Enabled 2 GPEs in block 00 to 3F
Feb 21 22:06:38 extra-ext4-4k kernel: ACPI: PCI Root Bridge [PCI0] (domain 0000 [bus 00-1f])
Feb 21 22:06:38 extra-ext4-4k kernel: acpi PNP0A08:00: _OSC: OS supports [ExtendedConfig ASPM ClockPM Segments MSI HPX-Type3]
Feb 21 22:06:38 extra-ext4-4k kernel: acpi PNP0A08:00: _OSC: platform does not support [PCIeHotplug LTR]
Feb 21 22:06:38 extra-ext4-4k kernel: acpi PNP0A08:00: _OSC: OS now controls [SHPCHotplug PME AER PCIeCapability]
Feb 21 22:06:38 extra-ext4-4k kernel: PCI host bridge to bus 0000:00
Feb 21 22:06:38 extra-ext4-4k kernel: pci_bus 0000:00: root bus resource [io  0x0000-0x0cf7 window]
Feb 21 22:06:38 extra-ext4-4k kernel: pci_bus 0000:00: root bus resource [io  0x0d00-0xffff window]
Feb 21 22:06:38 extra-ext4-4k kernel: pci_bus 0000:00: root bus resource [mem 0x000a0000-0x000bffff window]
Feb 21 22:06:38 extra-ext4-4k kernel: pci_bus 0000:00: root bus resource [mem 0x80000000-0x81dfffff window]
Feb 21 22:06:38 extra-ext4-4k kernel: pci_bus 0000:00: root bus resource [mem 0x82604000-0xdfffffff window]
Feb 21 22:06:38 extra-ext4-4k kernel: pci_bus 0000:00: root bus resource [mem 0xf0000000-0xfebfffff window]
Feb 21 22:06:38 extra-ext4-4k kernel: pci_bus 0000:00: root bus resource [mem 0x380000000000-0x3877ffffffff window]
Feb 21 22:06:38 extra-ext4-4k kernel: pci_bus 0000:00: root bus resource [bus 00-1f]
Feb 21 22:06:38 extra-ext4-4k kernel: pci 0000:00:00.0: [8086:29c0] type 00 class 0x060000 conventional PCI endpoint
Feb 21 22:06:38 extra-ext4-4k kernel: pci 0000:00:01.0: [1b36:000c] type 01 class 0x060400 PCIe Root Port
Feb 21 22:06:38 extra-ext4-4k kernel: pci 0000:00:01.0: BAR 0 [mem 0x81c8f000-0x81c8ffff]
Feb 21 22:06:38 extra-ext4-4k kernel: pci 0000:00:01.0: PCI bridge to [bus 01]
Feb 21 22:06:38 extra-ext4-4k kernel: pci 0000:00:01.0:   bridge window [mem 0x81a00000-0x81bfffff]
Feb 21 22:06:38 extra-ext4-4k kernel: pci 0000:00:01.0:   bridge window [mem 0x380000000000-0x3807ffffffff 64bit pref]
Feb 21 22:06:38 extra-ext4-4k kernel: pci 0000:00:01.0: enabling Extended Tags
Feb 21 22:06:38 extra-ext4-4k kernel: pci 0000:00:01.1: [1b36:000c] type 01 class 0x060400 PCIe Root Port
Feb 21 22:06:38 extra-ext4-4k kernel: pci 0000:00:01.1: BAR 0 [mem 0x81c8e000-0x81c8efff]
Feb 21 22:06:38 extra-ext4-4k kernel: pci 0000:00:01.1: PCI bridge to [bus 02]
Feb 21 22:06:38 extra-ext4-4k kernel: pci 0000:00:01.1:   bridge window [mem 0x81800000-0x819fffff]
Feb 21 22:06:38 extra-ext4-4k kernel: pci 0000:00:01.1:   bridge window [mem 0x380800000000-0x380fffffffff 64bit pref]
Feb 21 22:06:38 extra-ext4-4k kernel: pci 0000:00:01.1: enabling Extended Tags
Feb 21 22:06:38 extra-ext4-4k kernel: pci 0000:00:01.2: [1b36:000c] type 01 class 0x060400 PCIe Root Port
Feb 21 22:06:38 extra-ext4-4k kernel: pci 0000:00:01.2: BAR 0 [mem 0x81c8d000-0x81c8dfff]
Feb 21 22:06:38 extra-ext4-4k kernel: pci 0000:00:01.2: PCI bridge to [bus 03]
Feb 21 22:06:38 extra-ext4-4k kernel: pci 0000:00:01.2:   bridge window [mem 0x81600000-0x817fffff]
Feb 21 22:06:38 extra-ext4-4k kernel: pci 0000:00:01.2:   bridge window [mem 0x381000000000-0x3817ffffffff 64bit pref]
Feb 21 22:06:38 extra-ext4-4k kernel: pci 0000:00:01.2: enabling Extended Tags
Feb 21 22:06:38 extra-ext4-4k kernel: pci 0000:00:01.3: [1b36:000c] type 01 class 0x060400 PCIe Root Port
Feb 21 22:06:38 extra-ext4-4k kernel: pci 0000:00:01.3: BAR 0 [mem 0x81c8c000-0x81c8cfff]
Feb 21 22:06:38 extra-ext4-4k kernel: pci 0000:00:01.3: PCI bridge to [bus 04]
Feb 21 22:06:38 extra-ext4-4k kernel: pci 0000:00:01.3:   bridge window [mem 0x81400000-0x815fffff]
Feb 21 22:06:38 extra-ext4-4k kernel: pci 0000:00:01.3:   bridge window [mem 0x381800000000-0x381fffffffff 64bit pref]
Feb 21 22:06:38 extra-ext4-4k kernel: pci 0000:00:01.3: enabling Extended Tags
Feb 21 22:06:38 extra-ext4-4k kernel: pci 0000:00:01.4: [1b36:000c] type 01 class 0x060400 PCIe Root Port
Feb 21 22:06:38 extra-ext4-4k kernel: pci 0000:00:01.4: BAR 0 [mem 0x81c8b000-0x81c8bfff]
Feb 21 22:06:38 extra-ext4-4k kernel: pci 0000:00:01.4: PCI bridge to [bus 05]
Feb 21 22:06:38 extra-ext4-4k kernel: pci 0000:00:01.4:   bridge window [mem 0x81200000-0x813fffff]
Feb 21 22:06:38 extra-ext4-4k kernel: pci 0000:00:01.4:   bridge window [mem 0x382000000000-0x3827ffffffff 64bit pref]
Feb 21 22:06:38 extra-ext4-4k kernel: pci 0000:00:01.4: enabling Extended Tags
Feb 21 22:06:38 extra-ext4-4k kernel: pci 0000:00:01.5: [1b36:000c] type 01 class 0x060400 PCIe Root Port
Feb 21 22:06:38 extra-ext4-4k kernel: pci 0000:00:01.5: BAR 0 [mem 0x81c8a000-0x81c8afff]
Feb 21 22:06:38 extra-ext4-4k kernel: pci 0000:00:01.5: PCI bridge to [bus 06]
Feb 21 22:06:38 extra-ext4-4k kernel: pci 0000:00:01.5:   bridge window [mem 0x81000000-0x811fffff]
Feb 21 22:06:38 extra-ext4-4k kernel: pci 0000:00:01.5:   bridge window [mem 0x382800000000-0x382fffffffff 64bit pref]
Feb 21 22:06:38 extra-ext4-4k kernel: pci 0000:00:01.5: enabling Extended Tags
Feb 21 22:06:38 extra-ext4-4k kernel: pci 0000:00:01.6: [1b36:000c] type 01 class 0x060400 PCIe Root Port
Feb 21 22:06:38 extra-ext4-4k kernel: pci 0000:00:01.6: BAR 0 [mem 0x81c89000-0x81c89fff]
Feb 21 22:06:38 extra-ext4-4k kernel: pci 0000:00:01.6: PCI bridge to [bus 07]
Feb 21 22:06:38 extra-ext4-4k kernel: pci 0000:00:01.6:   bridge window [mem 0x80e00000-0x80ffffff]
Feb 21 22:06:38 extra-ext4-4k kernel: pci 0000:00:01.6:   bridge window [mem 0x383000000000-0x3837ffffffff 64bit pref]
Feb 21 22:06:38 extra-ext4-4k kernel: pci 0000:00:01.6: enabling Extended Tags
Feb 21 22:06:38 extra-ext4-4k kernel: pci 0000:00:01.7: [1b36:000c] type 01 class 0x060400 PCIe Root Port
Feb 21 22:06:38 extra-ext4-4k kernel: pci 0000:00:01.7: BAR 0 [mem 0x81c88000-0x81c88fff]
Feb 21 22:06:38 extra-ext4-4k kernel: pci 0000:00:01.7: PCI bridge to [bus 08]
Feb 21 22:06:38 extra-ext4-4k kernel: pci 0000:00:01.7:   bridge window [mem 0x80c00000-0x80dfffff]
Feb 21 22:06:38 extra-ext4-4k kernel: pci 0000:00:01.7:   bridge window [mem 0x383800000000-0x383fffffffff 64bit pref]
Feb 21 22:06:38 extra-ext4-4k kernel: pci 0000:00:01.7: enabling Extended Tags
Feb 21 22:06:38 extra-ext4-4k kernel: pci 0000:00:02.0: [1b36:000c] type 01 class 0x060400 PCIe Root Port
Feb 21 22:06:38 extra-ext4-4k kernel: pci 0000:00:02.0: BAR 0 [mem 0x81c87000-0x81c87fff]
Feb 21 22:06:38 extra-ext4-4k kernel: pci 0000:00:02.0: PCI bridge to [bus 09]
Feb 21 22:06:38 extra-ext4-4k kernel: pci 0000:00:02.0:   bridge window [mem 0x80a00000-0x80bfffff]
Feb 21 22:06:38 extra-ext4-4k kernel: pci 0000:00:02.0:   bridge window [mem 0x384000000000-0x3847ffffffff 64bit pref]
Feb 21 22:06:38 extra-ext4-4k kernel: pci 0000:00:02.0: enabling Extended Tags
Feb 21 22:06:38 extra-ext4-4k kernel: pci 0000:00:02.1: [1b36:000c] type 01 class 0x060400 PCIe Root Port
Feb 21 22:06:38 extra-ext4-4k kernel: pci 0000:00:02.1: BAR 0 [mem 0x81c86000-0x81c86fff]
Feb 21 22:06:38 extra-ext4-4k kernel: pci 0000:00:02.1: PCI bridge to [bus 0a]
Feb 21 22:06:38 extra-ext4-4k kernel: pci 0000:00:02.1:   bridge window [mem 0x80800000-0x809fffff]
Feb 21 22:06:38 extra-ext4-4k kernel: pci 0000:00:02.1:   bridge window [mem 0x384800000000-0x384fffffffff 64bit pref]
Feb 21 22:06:38 extra-ext4-4k kernel: pci 0000:00:02.1: enabling Extended Tags
Feb 21 22:06:38 extra-ext4-4k kernel: pci 0000:00:02.2: [1b36:000c] type 01 class 0x060400 PCIe Root Port
Feb 21 22:06:38 extra-ext4-4k kernel: pci 0000:00:02.2: BAR 0 [mem 0x81c85000-0x81c85fff]
Feb 21 22:06:38 extra-ext4-4k kernel: pci 0000:00:02.2: PCI bridge to [bus 0b]
Feb 21 22:06:38 extra-ext4-4k kernel: pci 0000:00:02.2:   bridge window [mem 0x80600000-0x807fffff]
Feb 21 22:06:38 extra-ext4-4k kernel: pci 0000:00:02.2:   bridge window [mem 0x385000000000-0x3857ffffffff 64bit pref]
Feb 21 22:06:38 extra-ext4-4k kernel: pci 0000:00:02.2: enabling Extended Tags
Feb 21 22:06:38 extra-ext4-4k kernel: pci 0000:00:02.3: [1b36:000c] type 01 class 0x060400 PCIe Root Port
Feb 21 22:06:38 extra-ext4-4k kernel: pci 0000:00:02.3: BAR 0 [mem 0x81c84000-0x81c84fff]
Feb 21 22:06:38 extra-ext4-4k kernel: pci 0000:00:02.3: PCI bridge to [bus 0c]
Feb 21 22:06:38 extra-ext4-4k kernel: pci 0000:00:02.3:   bridge window [mem 0x80400000-0x805fffff]
Feb 21 22:06:38 extra-ext4-4k kernel: pci 0000:00:02.3:   bridge window [mem 0x385800000000-0x385fffffffff 64bit pref]
Feb 21 22:06:38 extra-ext4-4k kernel: pci 0000:00:02.3: enabling Extended Tags
Feb 21 22:06:38 extra-ext4-4k kernel: pci 0000:00:02.4: [1b36:000c] type 01 class 0x060400 PCIe Root Port
Feb 21 22:06:38 extra-ext4-4k kernel: pci 0000:00:02.4: BAR 0 [mem 0x81c83000-0x81c83fff]
Feb 21 22:06:38 extra-ext4-4k kernel: pci 0000:00:02.4: PCI bridge to [bus 0d]
Feb 21 22:06:38 extra-ext4-4k kernel: pci 0000:00:02.4:   bridge window [mem 0x80200000-0x803fffff]
Feb 21 22:06:38 extra-ext4-4k kernel: pci 0000:00:02.4:   bridge window [mem 0x386000000000-0x3867ffffffff 64bit pref]
Feb 21 22:06:38 extra-ext4-4k kernel: pci 0000:00:02.4: enabling Extended Tags
Feb 21 22:06:38 extra-ext4-4k kernel: pci 0000:00:02.5: [1b36:000c] type 01 class 0x060400 PCIe Root Port
Feb 21 22:06:38 extra-ext4-4k kernel: pci 0000:00:02.5: BAR 0 [mem 0x81c82000-0x81c82fff]
Feb 21 22:06:38 extra-ext4-4k kernel: pci 0000:00:02.5: PCI bridge to [bus 0e]
Feb 21 22:06:38 extra-ext4-4k kernel: pci 0000:00:02.5:   bridge window [mem 0x80000000-0x801fffff]
Feb 21 22:06:38 extra-ext4-4k kernel: pci 0000:00:02.5:   bridge window [mem 0x386800000000-0x386fffffffff 64bit pref]
Feb 21 22:06:38 extra-ext4-4k kernel: pci 0000:00:02.5: enabling Extended Tags
Feb 21 22:06:38 extra-ext4-4k kernel: pci 0000:00:08.0: [1b36:000b] type 00 class 0x060000 conventional PCI endpoint
Feb 21 22:06:38 extra-ext4-4k kernel: pci 0000:00:10.0: [1af4:1009] type 00 class 0x000200 conventional PCI endpoint
Feb 21 22:06:38 extra-ext4-4k kernel: pci 0000:00:10.0: BAR 0 [io  0x6040-0x607f]
Feb 21 22:06:38 extra-ext4-4k kernel: pci 0000:00:10.0: BAR 1 [mem 0x81c81000-0x81c81fff]
Feb 21 22:06:38 extra-ext4-4k kernel: pci 0000:00:10.0: BAR 4 [mem 0x387000000000-0x387000003fff 64bit pref]
Feb 21 22:06:38 extra-ext4-4k kernel: pci 0000:00:1f.0: [8086:2918] type 00 class 0x060100 conventional PCI endpoint
Feb 21 22:06:38 extra-ext4-4k kernel: pci 0000:00:1f.0: quirk: [io  0x0600-0x067f] claimed by ICH6 ACPI/GPIO/TCO
Feb 21 22:06:38 extra-ext4-4k kernel: pci 0000:00:1f.2: [8086:2922] type 00 class 0x010601 conventional PCI endpoint
Feb 21 22:06:38 extra-ext4-4k kernel: pci 0000:00:1f.2: BAR 4 [io  0x6080-0x609f]
Feb 21 22:06:38 extra-ext4-4k kernel: pci 0000:00:1f.2: BAR 5 [mem 0x81c80000-0x81c80fff]
Feb 21 22:06:38 extra-ext4-4k kernel: pci 0000:00:1f.3: [8086:2930] type 00 class 0x0c0500 conventional PCI endpoint
Feb 21 22:06:38 extra-ext4-4k kernel: pci 0000:00:1f.3: BAR 4 [io  0x6000-0x603f]
Feb 21 22:06:38 extra-ext4-4k kernel: acpiphp: Slot [0] registered
Feb 21 22:06:38 extra-ext4-4k kernel: pci 0000:01:00.0: [1af4:1041] type 00 class 0x020000 PCIe Endpoint
Feb 21 22:06:38 extra-ext4-4k kernel: pci 0000:01:00.0: BAR 1 [mem 0x81a00000-0x81a00fff]
Feb 21 22:06:38 extra-ext4-4k kernel: pci 0000:01:00.0: BAR 4 [mem 0x380000000000-0x380000003fff 64bit pref]
Feb 21 22:06:38 extra-ext4-4k kernel: pci 0000:01:00.0: ROM [mem 0xfff80000-0xffffffff pref]
Feb 21 22:06:38 extra-ext4-4k kernel: pci 0000:01:00.0: enabling Extended Tags
Feb 21 22:06:38 extra-ext4-4k kernel: pci 0000:00:01.0: PCI bridge to [bus 01]
Feb 21 22:06:38 extra-ext4-4k kernel: acpiphp: Slot [0-2] registered
Feb 21 22:06:38 extra-ext4-4k kernel: pci 0000:02:00.0: [1b36:000d] type 00 class 0x0c0330 PCIe Endpoint
Feb 21 22:06:38 extra-ext4-4k kernel: pci 0000:02:00.0: BAR 0 [mem 0x81800000-0x81803fff 64bit]
Feb 21 22:06:38 extra-ext4-4k kernel: pci 0000:02:00.0: enabling Extended Tags
Feb 21 22:06:38 extra-ext4-4k kernel: pci 0000:00:01.1: PCI bridge to [bus 02]
Feb 21 22:06:38 extra-ext4-4k kernel: acpiphp: Slot [0-3] registered
Feb 21 22:06:38 extra-ext4-4k kernel: pci 0000:03:00.0: [1af4:1043] type 00 class 0x078000 PCIe Endpoint
Feb 21 22:06:38 extra-ext4-4k kernel: pci 0000:03:00.0: BAR 1 [mem 0x81600000-0x81600fff]
Feb 21 22:06:38 extra-ext4-4k kernel: pci 0000:03:00.0: BAR 4 [mem 0x381000000000-0x381000003fff 64bit pref]
Feb 21 22:06:38 extra-ext4-4k kernel: pci 0000:03:00.0: enabling Extended Tags
Feb 21 22:06:38 extra-ext4-4k kernel: pci 0000:00:01.2: PCI bridge to [bus 03]
Feb 21 22:06:38 extra-ext4-4k kernel: acpiphp: Slot [0-4] registered
Feb 21 22:06:38 extra-ext4-4k kernel: pci 0000:04:00.0: [1af4:1042] type 00 class 0x010000 PCIe Endpoint
Feb 21 22:06:38 extra-ext4-4k kernel: pci 0000:04:00.0: BAR 1 [mem 0x81400000-0x81400fff]
Feb 21 22:06:38 extra-ext4-4k kernel: pci 0000:04:00.0: BAR 4 [mem 0x381800000000-0x381800003fff 64bit pref]
Feb 21 22:06:38 extra-ext4-4k kernel: pci 0000:04:00.0: enabling Extended Tags
Feb 21 22:06:38 extra-ext4-4k kernel: pci 0000:00:01.3: PCI bridge to [bus 04]
Feb 21 22:06:38 extra-ext4-4k kernel: acpiphp: Slot [0-5] registered
Feb 21 22:06:38 extra-ext4-4k kernel: pci 0000:05:00.0: [1af4:1045] type 00 class 0x00ff00 PCIe Endpoint
Feb 21 22:06:38 extra-ext4-4k kernel: pci 0000:05:00.0: BAR 4 [mem 0x382000000000-0x382000003fff 64bit pref]
Feb 21 22:06:38 extra-ext4-4k kernel: pci 0000:05:00.0: enabling Extended Tags
Feb 21 22:06:38 extra-ext4-4k kernel: pci 0000:00:01.4: PCI bridge to [bus 05]
Feb 21 22:06:38 extra-ext4-4k kernel: acpiphp: Slot [0-6] registered
Feb 21 22:06:38 extra-ext4-4k kernel: pci 0000:06:00.0: [1af4:1044] type 00 class 0x00ff00 PCIe Endpoint
Feb 21 22:06:38 extra-ext4-4k kernel: pci 0000:06:00.0: BAR 1 [mem 0x81000000-0x81000fff]
Feb 21 22:06:38 extra-ext4-4k kernel: pci 0000:06:00.0: BAR 4 [mem 0x382800000000-0x382800003fff 64bit pref]
Feb 21 22:06:38 extra-ext4-4k kernel: pci 0000:06:00.0: enabling Extended Tags
Feb 21 22:06:38 extra-ext4-4k kernel: pci 0000:00:01.5: PCI bridge to [bus 06]
Feb 21 22:06:38 extra-ext4-4k kernel: acpiphp: Slot [0-7] registered
Feb 21 22:06:38 extra-ext4-4k kernel: pci 0000:00:01.6: PCI bridge to [bus 07]
Feb 21 22:06:38 extra-ext4-4k kernel: acpiphp: Slot [0-8] registered
Feb 21 22:06:38 extra-ext4-4k kernel: pci 0000:00:01.7: PCI bridge to [bus 08]
Feb 21 22:06:38 extra-ext4-4k kernel: acpiphp: Slot [0-9] registered
Feb 21 22:06:38 extra-ext4-4k kernel: pci 0000:00:02.0: PCI bridge to [bus 09]
Feb 21 22:06:38 extra-ext4-4k kernel: acpiphp: Slot [0-10] registered
Feb 21 22:06:38 extra-ext4-4k kernel: pci 0000:00:02.1: PCI bridge to [bus 0a]
Feb 21 22:06:38 extra-ext4-4k kernel: acpiphp: Slot [0-11] registered
Feb 21 22:06:38 extra-ext4-4k kernel: pci 0000:00:02.2: PCI bridge to [bus 0b]
Feb 21 22:06:38 extra-ext4-4k kernel: acpiphp: Slot [0-12] registered
Feb 21 22:06:38 extra-ext4-4k kernel: pci 0000:00:02.3: PCI bridge to [bus 0c]
Feb 21 22:06:38 extra-ext4-4k kernel: acpiphp: Slot [0-13] registered
Feb 21 22:06:38 extra-ext4-4k kernel: pci 0000:00:02.4: PCI bridge to [bus 0d]
Feb 21 22:06:38 extra-ext4-4k kernel: acpiphp: Slot [0-14] registered
Feb 21 22:06:38 extra-ext4-4k kernel: pci 0000:00:02.5: PCI bridge to [bus 0e]
Feb 21 22:06:38 extra-ext4-4k kernel: ACPI: PCI: Interrupt link LNKA configured for IRQ 10
Feb 21 22:06:38 extra-ext4-4k kernel: ACPI: PCI: Interrupt link LNKB configured for IRQ 10
Feb 21 22:06:38 extra-ext4-4k kernel: ACPI: PCI: Interrupt link LNKC configured for IRQ 11
Feb 21 22:06:38 extra-ext4-4k kernel: ACPI: PCI: Interrupt link LNKD configured for IRQ 11
Feb 21 22:06:38 extra-ext4-4k kernel: ACPI: PCI: Interrupt link LNKE configured for IRQ 10
Feb 21 22:06:38 extra-ext4-4k kernel: ACPI: PCI: Interrupt link LNKF configured for IRQ 10
Feb 21 22:06:38 extra-ext4-4k kernel: ACPI: PCI: Interrupt link LNKG configured for IRQ 11
Feb 21 22:06:38 extra-ext4-4k kernel: ACPI: PCI: Interrupt link LNKH configured for IRQ 11
Feb 21 22:06:38 extra-ext4-4k kernel: ACPI: PCI: Interrupt link GSIA configured for IRQ 16
Feb 21 22:06:38 extra-ext4-4k kernel: ACPI: PCI: Interrupt link GSIB configured for IRQ 17
Feb 21 22:06:38 extra-ext4-4k kernel: ACPI: PCI: Interrupt link GSIC configured for IRQ 18
Feb 21 22:06:38 extra-ext4-4k kernel: ACPI: PCI: Interrupt link GSID configured for IRQ 19
Feb 21 22:06:38 extra-ext4-4k kernel: ACPI: PCI: Interrupt link GSIE configured for IRQ 20
Feb 21 22:06:38 extra-ext4-4k kernel: ACPI: PCI: Interrupt link GSIF configured for IRQ 21
Feb 21 22:06:38 extra-ext4-4k kernel: ACPI: PCI: Interrupt link GSIG configured for IRQ 22
Feb 21 22:06:38 extra-ext4-4k kernel: ACPI: PCI: Interrupt link GSIH configured for IRQ 23
Feb 21 22:06:38 extra-ext4-4k kernel: ACPI: PCI Root Bridge [PC20] (domain 0000 [bus 20-24])
Feb 21 22:06:38 extra-ext4-4k kernel: acpi PNP0A08:01: _OSC: OS supports [ExtendedConfig ASPM ClockPM Segments MSI HPX-Type3]
Feb 21 22:06:38 extra-ext4-4k kernel: acpi PNP0A08:01: _OSC: platform does not support [LTR]
Feb 21 22:06:38 extra-ext4-4k kernel: acpi PNP0A08:01: _OSC: OS now controls [PCIeHotplug SHPCHotplug PME AER PCIeCapability]
Feb 21 22:06:38 extra-ext4-4k kernel: PCI host bridge to bus 0000:20
Feb 21 22:06:38 extra-ext4-4k kernel: pci_bus 0000:20: root bus resource [mem 0x81e00000-0x82603fff window]
Feb 21 22:06:38 extra-ext4-4k kernel: pci_bus 0000:20: root bus resource [mem 0x387800000000-0x3897ffffffff window]
Feb 21 22:06:38 extra-ext4-4k kernel: pci_bus 0000:20: root bus resource [bus 20-24]
Feb 21 22:06:38 extra-ext4-4k kernel: pci 0000:20:00.0: [1b36:000c] type 01 class 0x060400 PCIe Root Port
Feb 21 22:06:38 extra-ext4-4k kernel: pci 0000:20:00.0: BAR 0 [mem 0x82603000-0x82603fff]
Feb 21 22:06:38 extra-ext4-4k kernel: pci 0000:20:00.0: PCI bridge to [bus 21]
Feb 21 22:06:38 extra-ext4-4k kernel: pci 0000:20:00.0:   bridge window [mem 0x82400000-0x825fffff]
Feb 21 22:06:38 extra-ext4-4k kernel: pci 0000:20:00.0:   bridge window [mem 0x387800000000-0x387fffffffff 64bit pref]
Feb 21 22:06:38 extra-ext4-4k kernel: pci 0000:20:00.0: enabling Extended Tags
Feb 21 22:06:38 extra-ext4-4k kernel: pci 0000:20:01.0: [1b36:000c] type 01 class 0x060400 PCIe Root Port
Feb 21 22:06:38 extra-ext4-4k kernel: pci 0000:20:01.0: BAR 0 [mem 0x82602000-0x82602fff]
Feb 21 22:06:38 extra-ext4-4k kernel: pci 0000:20:01.0: PCI bridge to [bus 22]
Feb 21 22:06:38 extra-ext4-4k kernel: pci 0000:20:01.0:   bridge window [mem 0x82200000-0x823fffff]
Feb 21 22:06:38 extra-ext4-4k kernel: pci 0000:20:01.0:   bridge window [mem 0x388000000000-0x3887ffffffff 64bit pref]
Feb 21 22:06:38 extra-ext4-4k kernel: pci 0000:20:01.0: enabling Extended Tags
Feb 21 22:06:38 extra-ext4-4k kernel: pci 0000:20:02.0: [1b36:000c] type 01 class 0x060400 PCIe Root Port
Feb 21 22:06:38 extra-ext4-4k kernel: pci 0000:20:02.0: BAR 0 [mem 0x82601000-0x82601fff]
Feb 21 22:06:38 extra-ext4-4k kernel: pci 0000:20:02.0: PCI bridge to [bus 23]
Feb 21 22:06:38 extra-ext4-4k kernel: pci 0000:20:02.0:   bridge window [mem 0x82000000-0x821fffff]
Feb 21 22:06:38 extra-ext4-4k kernel: pci 0000:20:02.0:   bridge window [mem 0x388800000000-0x388fffffffff 64bit pref]
Feb 21 22:06:38 extra-ext4-4k kernel: pci 0000:20:02.0: enabling Extended Tags
Feb 21 22:06:38 extra-ext4-4k kernel: pci 0000:20:03.0: [1b36:000c] type 01 class 0x060400 PCIe Root Port
Feb 21 22:06:38 extra-ext4-4k kernel: pci 0000:20:03.0: BAR 0 [mem 0x82600000-0x82600fff]
Feb 21 22:06:38 extra-ext4-4k kernel: pci 0000:20:03.0: PCI bridge to [bus 24]
Feb 21 22:06:38 extra-ext4-4k kernel: pci 0000:20:03.0:   bridge window [mem 0x81e00000-0x81ffffff]
Feb 21 22:06:38 extra-ext4-4k kernel: pci 0000:20:03.0:   bridge window [mem 0x389000000000-0x3897ffffffff 64bit pref]
Feb 21 22:06:38 extra-ext4-4k kernel: pci 0000:20:03.0: enabling Extended Tags
Feb 21 22:06:38 extra-ext4-4k kernel: pci 0000:21:00.0: [1af4:1042] type 00 class 0x010000 PCIe Endpoint
Feb 21 22:06:38 extra-ext4-4k kernel: pci 0000:21:00.0: BAR 1 [mem 0x82400000-0x82400fff]
Feb 21 22:06:38 extra-ext4-4k kernel: pci 0000:21:00.0: BAR 4 [mem 0x387800000000-0x387800003fff 64bit pref]
Feb 21 22:06:38 extra-ext4-4k kernel: pci 0000:21:00.0: enabling Extended Tags
Feb 21 22:06:38 extra-ext4-4k kernel: pci 0000:20:00.0: PCI bridge to [bus 21]
Feb 21 22:06:38 extra-ext4-4k kernel: pci 0000:22:00.0: [1af4:1042] type 00 class 0x010000 PCIe Endpoint
Feb 21 22:06:38 extra-ext4-4k kernel: pci 0000:22:00.0: BAR 1 [mem 0x82200000-0x82200fff]
Feb 21 22:06:38 extra-ext4-4k kernel: pci 0000:22:00.0: BAR 4 [mem 0x388000000000-0x388000003fff 64bit pref]
Feb 21 22:06:38 extra-ext4-4k kernel: pci 0000:22:00.0: enabling Extended Tags
Feb 21 22:06:38 extra-ext4-4k kernel: pci 0000:20:01.0: PCI bridge to [bus 22]
Feb 21 22:06:38 extra-ext4-4k kernel: pci 0000:23:00.0: [1af4:1042] type 00 class 0x010000 PCIe Endpoint
Feb 21 22:06:38 extra-ext4-4k kernel: pci 0000:23:00.0: BAR 1 [mem 0x82000000-0x82000fff]
Feb 21 22:06:38 extra-ext4-4k kernel: pci 0000:23:00.0: BAR 4 [mem 0x388800000000-0x388800003fff 64bit pref]
Feb 21 22:06:38 extra-ext4-4k kernel: pci 0000:23:00.0: enabling Extended Tags
Feb 21 22:06:38 extra-ext4-4k kernel: pci 0000:20:02.0: PCI bridge to [bus 23]
Feb 21 22:06:38 extra-ext4-4k kernel: pci 0000:24:00.0: [1af4:1042] type 00 class 0x010000 PCIe Endpoint
Feb 21 22:06:38 extra-ext4-4k kernel: pci 0000:24:00.0: BAR 1 [mem 0x81e00000-0x81e00fff]
Feb 21 22:06:38 extra-ext4-4k kernel: pci 0000:24:00.0: BAR 4 [mem 0x389000000000-0x389000003fff 64bit pref]
Feb 21 22:06:38 extra-ext4-4k kernel: pci 0000:24:00.0: enabling Extended Tags
Feb 21 22:06:38 extra-ext4-4k kernel: pci 0000:20:03.0: PCI bridge to [bus 24]
Feb 21 22:06:38 extra-ext4-4k kernel: iommu: Default domain type: Translated
Feb 21 22:06:38 extra-ext4-4k kernel: iommu: DMA domain TLB invalidation policy: lazy mode
Feb 21 22:06:38 extra-ext4-4k kernel: pps_core: LinuxPPS API ver. 1 registered
Feb 21 22:06:38 extra-ext4-4k kernel: pps_core: Software ver. 5.3.6 - Copyright 2005-2007 Rodolfo Giometti <giometti@linux.it>
Feb 21 22:06:38 extra-ext4-4k kernel: PTP clock support registered
Feb 21 22:06:38 extra-ext4-4k kernel: EDAC MC: Ver: 3.0.0
Feb 21 22:06:38 extra-ext4-4k kernel: efivars: Registered efivars operations
Feb 21 22:06:38 extra-ext4-4k kernel: PCI: Using ACPI for IRQ routing
Feb 21 22:06:38 extra-ext4-4k kernel: PCI: pci_cache_line_size set to 64 bytes
Feb 21 22:06:38 extra-ext4-4k kernel: e820: reserve RAM buffer [mem 0x0080b000-0x008fffff]
Feb 21 22:06:38 extra-ext4-4k kernel: e820: reserve RAM buffer [mem 0x00811000-0x008fffff]
Feb 21 22:06:38 extra-ext4-4k kernel: e820: reserve RAM buffer [mem 0x7e0ea018-0x7fffffff]
Feb 21 22:06:38 extra-ext4-4k kernel: e820: reserve RAM buffer [mem 0x7eb3f000-0x7fffffff]
Feb 21 22:06:38 extra-ext4-4k kernel: e820: reserve RAM buffer [mem 0x7f6ed000-0x7fffffff]
Feb 21 22:06:38 extra-ext4-4k kernel: e820: reserve RAM buffer [mem 0x7fe52000-0x7fffffff]
Feb 21 22:06:38 extra-ext4-4k kernel: e820: reserve RAM buffer [mem 0x7febc000-0x7fffffff]
Feb 21 22:06:38 extra-ext4-4k kernel: vgaarb: loaded
Feb 21 22:06:38 extra-ext4-4k kernel: clocksource: Switched to clocksource kvm-clock
Feb 21 22:06:38 extra-ext4-4k kernel: VFS: Disk quotas dquot_6.6.0
Feb 21 22:06:38 extra-ext4-4k kernel: VFS: Dquot-cache hash table entries: 512 (order 0, 4096 bytes)
Feb 21 22:06:38 extra-ext4-4k kernel: AppArmor: AppArmor Filesystem Enabled
Feb 21 22:06:38 extra-ext4-4k kernel: pnp: PnP ACPI init
Feb 21 22:06:38 extra-ext4-4k kernel: system 00:04: [mem 0xe0000000-0xefffffff window] has been reserved
Feb 21 22:06:38 extra-ext4-4k kernel: pnp: PnP ACPI: found 5 devices
Feb 21 22:06:38 extra-ext4-4k kernel: clocksource: acpi_pm: mask: 0xffffff max_cycles: 0xffffff, max_idle_ns: 2085701024 ns
Feb 21 22:06:38 extra-ext4-4k kernel: NET: Registered PF_INET protocol family
Feb 21 22:06:38 extra-ext4-4k kernel: IP idents hash table entries: 65536 (order: 7, 524288 bytes, linear)
Feb 21 22:06:38 extra-ext4-4k kernel: tcp_listen_portaddr_hash hash table entries: 2048 (order: 3, 32768 bytes, linear)
Feb 21 22:06:38 extra-ext4-4k kernel: Table-perturb hash table entries: 65536 (order: 6, 262144 bytes, linear)
Feb 21 22:06:38 extra-ext4-4k kernel: TCP established hash table entries: 32768 (order: 6, 262144 bytes, linear)
Feb 21 22:06:38 extra-ext4-4k kernel: TCP bind hash table entries: 32768 (order: 8, 1048576 bytes, linear)
Feb 21 22:06:38 extra-ext4-4k kernel: TCP: Hash tables configured (established 32768 bind 32768)
Feb 21 22:06:38 extra-ext4-4k kernel: UDP hash table entries: 2048 (order: 5, 131072 bytes, linear)
Feb 21 22:06:38 extra-ext4-4k kernel: UDP-Lite hash table entries: 2048 (order: 5, 131072 bytes, linear)
Feb 21 22:06:38 extra-ext4-4k kernel: NET: Registered PF_UNIX/PF_LOCAL protocol family
Feb 21 22:06:38 extra-ext4-4k kernel: pci 0000:01:00.0: ROM [mem 0xfff80000-0xffffffff pref]: can't claim; no compatible bridge window
Feb 21 22:06:38 extra-ext4-4k kernel: pci 0000:00:01.0: bridge window [io  0x1000-0x0fff] to [bus 01] add_size 1000
Feb 21 22:06:38 extra-ext4-4k kernel: pci 0000:00:01.1: bridge window [io  0x1000-0x0fff] to [bus 02] add_size 1000
Feb 21 22:06:38 extra-ext4-4k kernel: pci 0000:00:01.2: bridge window [io  0x1000-0x0fff] to [bus 03] add_size 1000
Feb 21 22:06:38 extra-ext4-4k kernel: pci 0000:00:01.3: bridge window [io  0x1000-0x0fff] to [bus 04] add_size 1000
Feb 21 22:06:38 extra-ext4-4k kernel: pci 0000:00:01.4: bridge window [io  0x1000-0x0fff] to [bus 05] add_size 1000
Feb 21 22:06:38 extra-ext4-4k kernel: pci 0000:00:01.5: bridge window [io  0x1000-0x0fff] to [bus 06] add_size 1000
Feb 21 22:06:38 extra-ext4-4k kernel: pci 0000:00:01.6: bridge window [io  0x1000-0x0fff] to [bus 07] add_size 1000
Feb 21 22:06:38 extra-ext4-4k kernel: pci 0000:00:01.7: bridge window [io  0x1000-0x0fff] to [bus 08] add_size 1000
Feb 21 22:06:38 extra-ext4-4k kernel: pci 0000:00:02.0: bridge window [io  0x1000-0x0fff] to [bus 09] add_size 1000
Feb 21 22:06:38 extra-ext4-4k kernel: pci 0000:00:02.1: bridge window [io  0x1000-0x0fff] to [bus 0a] add_size 1000
Feb 21 22:06:38 extra-ext4-4k kernel: pci 0000:00:02.2: bridge window [io  0x1000-0x0fff] to [bus 0b] add_size 1000
Feb 21 22:06:38 extra-ext4-4k kernel: pci 0000:00:02.3: bridge window [io  0x1000-0x0fff] to [bus 0c] add_size 1000
Feb 21 22:06:38 extra-ext4-4k kernel: pci 0000:00:02.4: bridge window [io  0x1000-0x0fff] to [bus 0d] add_size 1000
Feb 21 22:06:38 extra-ext4-4k kernel: pci 0000:00:02.5: bridge window [io  0x1000-0x0fff] to [bus 0e] add_size 1000
Feb 21 22:06:38 extra-ext4-4k kernel: pci 0000:00:01.0: bridge window [io  0x1000-0x1fff]: assigned
Feb 21 22:06:38 extra-ext4-4k kernel: pci 0000:00:01.1: bridge window [io  0x2000-0x2fff]: assigned
Feb 21 22:06:38 extra-ext4-4k kernel: pci 0000:00:01.2: bridge window [io  0x3000-0x3fff]: assigned
Feb 21 22:06:38 extra-ext4-4k kernel: pci 0000:00:01.3: bridge window [io  0x4000-0x4fff]: assigned
Feb 21 22:06:38 extra-ext4-4k kernel: pci 0000:00:01.4: bridge window [io  0x5000-0x5fff]: assigned
Feb 21 22:06:38 extra-ext4-4k kernel: pci 0000:00:01.5: bridge window [io  0x7000-0x7fff]: assigned
Feb 21 22:06:38 extra-ext4-4k kernel: pci 0000:00:01.6: bridge window [io  0x8000-0x8fff]: assigned
Feb 21 22:06:38 extra-ext4-4k kernel: pci 0000:00:01.7: bridge window [io  0x9000-0x9fff]: assigned
Feb 21 22:06:38 extra-ext4-4k kernel: pci 0000:00:02.0: bridge window [io  0xa000-0xafff]: assigned
Feb 21 22:06:38 extra-ext4-4k kernel: pci 0000:00:02.1: bridge window [io  0xb000-0xbfff]: assigned
Feb 21 22:06:38 extra-ext4-4k kernel: pci 0000:00:02.2: bridge window [io  0xc000-0xcfff]: assigned
Feb 21 22:06:38 extra-ext4-4k kernel: pci 0000:00:02.3: bridge window [io  0xd000-0xdfff]: assigned
Feb 21 22:06:38 extra-ext4-4k kernel: pci 0000:00:02.4: bridge window [io  0xe000-0xefff]: assigned
Feb 21 22:06:38 extra-ext4-4k kernel: pci 0000:00:02.5: bridge window [io  0xf000-0xffff]: assigned
Feb 21 22:06:38 extra-ext4-4k kernel: pci 0000:01:00.0: ROM [mem 0x81a80000-0x81afffff pref]: assigned
Feb 21 22:06:38 extra-ext4-4k kernel: pci 0000:00:01.0: PCI bridge to [bus 01]
Feb 21 22:06:38 extra-ext4-4k kernel: pci 0000:00:01.0:   bridge window [io  0x1000-0x1fff]
Feb 21 22:06:38 extra-ext4-4k kernel: pci 0000:00:01.0:   bridge window [mem 0x81a00000-0x81bfffff]
Feb 21 22:06:38 extra-ext4-4k kernel: pci 0000:00:01.0:   bridge window [mem 0x380000000000-0x3807ffffffff 64bit pref]
Feb 21 22:06:38 extra-ext4-4k kernel: pci 0000:00:01.1: PCI bridge to [bus 02]
Feb 21 22:06:38 extra-ext4-4k kernel: pci 0000:00:01.1:   bridge window [io  0x2000-0x2fff]
Feb 21 22:06:38 extra-ext4-4k kernel: pci 0000:00:01.1:   bridge window [mem 0x81800000-0x819fffff]
Feb 21 22:06:38 extra-ext4-4k kernel: pci 0000:00:01.1:   bridge window [mem 0x380800000000-0x380fffffffff 64bit pref]
Feb 21 22:06:38 extra-ext4-4k kernel: pci 0000:00:01.2: PCI bridge to [bus 03]
Feb 21 22:06:38 extra-ext4-4k kernel: pci 0000:00:01.2:   bridge window [io  0x3000-0x3fff]
Feb 21 22:06:38 extra-ext4-4k kernel: pci 0000:00:01.2:   bridge window [mem 0x81600000-0x817fffff]
Feb 21 22:06:38 extra-ext4-4k kernel: pci 0000:00:01.2:   bridge window [mem 0x381000000000-0x3817ffffffff 64bit pref]
Feb 21 22:06:38 extra-ext4-4k kernel: pci 0000:00:01.3: PCI bridge to [bus 04]
Feb 21 22:06:38 extra-ext4-4k kernel: pci 0000:00:01.3:   bridge window [io  0x4000-0x4fff]
Feb 21 22:06:38 extra-ext4-4k kernel: pci 0000:00:01.3:   bridge window [mem 0x81400000-0x815fffff]
Feb 21 22:06:38 extra-ext4-4k kernel: pci 0000:00:01.3:   bridge window [mem 0x381800000000-0x381fffffffff 64bit pref]
Feb 21 22:06:38 extra-ext4-4k kernel: pci 0000:00:01.4: PCI bridge to [bus 05]
Feb 21 22:06:38 extra-ext4-4k kernel: pci 0000:00:01.4:   bridge window [io  0x5000-0x5fff]
Feb 21 22:06:38 extra-ext4-4k kernel: pci 0000:00:01.4:   bridge window [mem 0x81200000-0x813fffff]
Feb 21 22:06:38 extra-ext4-4k kernel: pci 0000:00:01.4:   bridge window [mem 0x382000000000-0x3827ffffffff 64bit pref]
Feb 21 22:06:38 extra-ext4-4k kernel: pci 0000:00:01.5: PCI bridge to [bus 06]
Feb 21 22:06:38 extra-ext4-4k kernel: pci 0000:00:01.5:   bridge window [io  0x7000-0x7fff]
Feb 21 22:06:38 extra-ext4-4k kernel: pci 0000:00:01.5:   bridge window [mem 0x81000000-0x811fffff]
Feb 21 22:06:38 extra-ext4-4k kernel: pci 0000:00:01.5:   bridge window [mem 0x382800000000-0x382fffffffff 64bit pref]
Feb 21 22:06:38 extra-ext4-4k kernel: pci 0000:00:01.6: PCI bridge to [bus 07]
Feb 21 22:06:38 extra-ext4-4k kernel: pci 0000:00:01.6:   bridge window [io  0x8000-0x8fff]
Feb 21 22:06:38 extra-ext4-4k kernel: pci 0000:00:01.6:   bridge window [mem 0x80e00000-0x80ffffff]
Feb 21 22:06:38 extra-ext4-4k kernel: pci 0000:00:01.6:   bridge window [mem 0x383000000000-0x3837ffffffff 64bit pref]
Feb 21 22:06:38 extra-ext4-4k kernel: pci 0000:00:01.7: PCI bridge to [bus 08]
Feb 21 22:06:38 extra-ext4-4k kernel: pci 0000:00:01.7:   bridge window [io  0x9000-0x9fff]
Feb 21 22:06:38 extra-ext4-4k kernel: pci 0000:00:01.7:   bridge window [mem 0x80c00000-0x80dfffff]
Feb 21 22:06:38 extra-ext4-4k kernel: pci 0000:00:01.7:   bridge window [mem 0x383800000000-0x383fffffffff 64bit pref]
Feb 21 22:06:38 extra-ext4-4k kernel: pci 0000:00:02.0: PCI bridge to [bus 09]
Feb 21 22:06:38 extra-ext4-4k kernel: pci 0000:00:02.0:   bridge window [io  0xa000-0xafff]
Feb 21 22:06:38 extra-ext4-4k kernel: pci 0000:00:02.0:   bridge window [mem 0x80a00000-0x80bfffff]
Feb 21 22:06:38 extra-ext4-4k kernel: pci 0000:00:02.0:   bridge window [mem 0x384000000000-0x3847ffffffff 64bit pref]
Feb 21 22:06:38 extra-ext4-4k kernel: pci 0000:00:02.1: PCI bridge to [bus 0a]
Feb 21 22:06:38 extra-ext4-4k kernel: pci 0000:00:02.1:   bridge window [io  0xb000-0xbfff]
Feb 21 22:06:38 extra-ext4-4k kernel: pci 0000:00:02.1:   bridge window [mem 0x80800000-0x809fffff]
Feb 21 22:06:38 extra-ext4-4k kernel: pci 0000:00:02.1:   bridge window [mem 0x384800000000-0x384fffffffff 64bit pref]
Feb 21 22:06:38 extra-ext4-4k kernel: pci 0000:00:02.2: PCI bridge to [bus 0b]
Feb 21 22:06:38 extra-ext4-4k kernel: pci 0000:00:02.2:   bridge window [io  0xc000-0xcfff]
Feb 21 22:06:38 extra-ext4-4k kernel: pci 0000:00:02.2:   bridge window [mem 0x80600000-0x807fffff]
Feb 21 22:06:38 extra-ext4-4k kernel: pci 0000:00:02.2:   bridge window [mem 0x385000000000-0x3857ffffffff 64bit pref]
Feb 21 22:06:38 extra-ext4-4k kernel: pci 0000:00:02.3: PCI bridge to [bus 0c]
Feb 21 22:06:38 extra-ext4-4k kernel: pci 0000:00:02.3:   bridge window [io  0xd000-0xdfff]
Feb 21 22:06:38 extra-ext4-4k kernel: pci 0000:00:02.3:   bridge window [mem 0x80400000-0x805fffff]
Feb 21 22:06:38 extra-ext4-4k kernel: pci 0000:00:02.3:   bridge window [mem 0x385800000000-0x385fffffffff 64bit pref]
Feb 21 22:06:38 extra-ext4-4k kernel: pci 0000:00:02.4: PCI bridge to [bus 0d]
Feb 21 22:06:38 extra-ext4-4k kernel: pci 0000:00:02.4:   bridge window [io  0xe000-0xefff]
Feb 21 22:06:38 extra-ext4-4k kernel: pci 0000:00:02.4:   bridge window [mem 0x80200000-0x803fffff]
Feb 21 22:06:38 extra-ext4-4k kernel: pci 0000:00:02.4:   bridge window [mem 0x386000000000-0x3867ffffffff 64bit pref]
Feb 21 22:06:38 extra-ext4-4k kernel: pci 0000:00:02.5: PCI bridge to [bus 0e]
Feb 21 22:06:38 extra-ext4-4k kernel: pci 0000:00:02.5:   bridge window [io  0xf000-0xffff]
Feb 21 22:06:38 extra-ext4-4k kernel: pci 0000:00:02.5:   bridge window [mem 0x80000000-0x801fffff]
Feb 21 22:06:38 extra-ext4-4k kernel: pci 0000:00:02.5:   bridge window [mem 0x386800000000-0x386fffffffff 64bit pref]
Feb 21 22:06:38 extra-ext4-4k kernel: pci_bus 0000:00: resource 4 [io  0x0000-0x0cf7 window]
Feb 21 22:06:38 extra-ext4-4k kernel: pci_bus 0000:00: resource 5 [io  0x0d00-0xffff window]
Feb 21 22:06:38 extra-ext4-4k kernel: pci_bus 0000:00: resource 6 [mem 0x000a0000-0x000bffff window]
Feb 21 22:06:38 extra-ext4-4k kernel: pci_bus 0000:00: resource 7 [mem 0x80000000-0x81dfffff window]
Feb 21 22:06:38 extra-ext4-4k kernel: pci_bus 0000:00: resource 8 [mem 0x82604000-0xdfffffff window]
Feb 21 22:06:38 extra-ext4-4k kernel: pci_bus 0000:00: resource 9 [mem 0xf0000000-0xfebfffff window]
Feb 21 22:06:38 extra-ext4-4k kernel: pci_bus 0000:00: resource 10 [mem 0x380000000000-0x3877ffffffff window]
Feb 21 22:06:38 extra-ext4-4k kernel: pci_bus 0000:01: resource 0 [io  0x1000-0x1fff]
Feb 21 22:06:38 extra-ext4-4k kernel: pci_bus 0000:01: resource 1 [mem 0x81a00000-0x81bfffff]
Feb 21 22:06:38 extra-ext4-4k kernel: pci_bus 0000:01: resource 2 [mem 0x380000000000-0x3807ffffffff 64bit pref]
Feb 21 22:06:38 extra-ext4-4k kernel: pci_bus 0000:02: resource 0 [io  0x2000-0x2fff]
Feb 21 22:06:38 extra-ext4-4k kernel: pci_bus 0000:02: resource 1 [mem 0x81800000-0x819fffff]
Feb 21 22:06:38 extra-ext4-4k kernel: pci_bus 0000:02: resource 2 [mem 0x380800000000-0x380fffffffff 64bit pref]
Feb 21 22:06:38 extra-ext4-4k kernel: pci_bus 0000:03: resource 0 [io  0x3000-0x3fff]
Feb 21 22:06:38 extra-ext4-4k kernel: pci_bus 0000:03: resource 1 [mem 0x81600000-0x817fffff]
Feb 21 22:06:38 extra-ext4-4k kernel: pci_bus 0000:03: resource 2 [mem 0x381000000000-0x3817ffffffff 64bit pref]
Feb 21 22:06:38 extra-ext4-4k kernel: pci_bus 0000:04: resource 0 [io  0x4000-0x4fff]
Feb 21 22:06:38 extra-ext4-4k kernel: pci_bus 0000:04: resource 1 [mem 0x81400000-0x815fffff]
Feb 21 22:06:38 extra-ext4-4k kernel: pci_bus 0000:04: resource 2 [mem 0x381800000000-0x381fffffffff 64bit pref]
Feb 21 22:06:38 extra-ext4-4k kernel: pci_bus 0000:05: resource 0 [io  0x5000-0x5fff]
Feb 21 22:06:38 extra-ext4-4k kernel: pci_bus 0000:05: resource 1 [mem 0x81200000-0x813fffff]
Feb 21 22:06:38 extra-ext4-4k kernel: pci_bus 0000:05: resource 2 [mem 0x382000000000-0x3827ffffffff 64bit pref]
Feb 21 22:06:38 extra-ext4-4k kernel: pci_bus 0000:06: resource 0 [io  0x7000-0x7fff]
Feb 21 22:06:38 extra-ext4-4k kernel: pci_bus 0000:06: resource 1 [mem 0x81000000-0x811fffff]
Feb 21 22:06:38 extra-ext4-4k kernel: pci_bus 0000:06: resource 2 [mem 0x382800000000-0x382fffffffff 64bit pref]
Feb 21 22:06:38 extra-ext4-4k kernel: pci_bus 0000:07: resource 0 [io  0x8000-0x8fff]
Feb 21 22:06:38 extra-ext4-4k kernel: pci_bus 0000:07: resource 1 [mem 0x80e00000-0x80ffffff]
Feb 21 22:06:38 extra-ext4-4k kernel: pci_bus 0000:07: resource 2 [mem 0x383000000000-0x3837ffffffff 64bit pref]
Feb 21 22:06:38 extra-ext4-4k kernel: pci_bus 0000:08: resource 0 [io  0x9000-0x9fff]
Feb 21 22:06:38 extra-ext4-4k kernel: pci_bus 0000:08: resource 1 [mem 0x80c00000-0x80dfffff]
Feb 21 22:06:38 extra-ext4-4k kernel: pci_bus 0000:08: resource 2 [mem 0x383800000000-0x383fffffffff 64bit pref]
Feb 21 22:06:38 extra-ext4-4k kernel: pci_bus 0000:09: resource 0 [io  0xa000-0xafff]
Feb 21 22:06:38 extra-ext4-4k kernel: pci_bus 0000:09: resource 1 [mem 0x80a00000-0x80bfffff]
Feb 21 22:06:38 extra-ext4-4k kernel: pci_bus 0000:09: resource 2 [mem 0x384000000000-0x3847ffffffff 64bit pref]
Feb 21 22:06:38 extra-ext4-4k kernel: pci_bus 0000:0a: resource 0 [io  0xb000-0xbfff]
Feb 21 22:06:38 extra-ext4-4k kernel: pci_bus 0000:0a: resource 1 [mem 0x80800000-0x809fffff]
Feb 21 22:06:38 extra-ext4-4k kernel: pci_bus 0000:0a: resource 2 [mem 0x384800000000-0x384fffffffff 64bit pref]
Feb 21 22:06:38 extra-ext4-4k kernel: pci_bus 0000:0b: resource 0 [io  0xc000-0xcfff]
Feb 21 22:06:38 extra-ext4-4k kernel: pci_bus 0000:0b: resource 1 [mem 0x80600000-0x807fffff]
Feb 21 22:06:38 extra-ext4-4k kernel: pci_bus 0000:0b: resource 2 [mem 0x385000000000-0x3857ffffffff 64bit pref]
Feb 21 22:06:38 extra-ext4-4k kernel: pci_bus 0000:0c: resource 0 [io  0xd000-0xdfff]
Feb 21 22:06:38 extra-ext4-4k kernel: pci_bus 0000:0c: resource 1 [mem 0x80400000-0x805fffff]
Feb 21 22:06:38 extra-ext4-4k kernel: pci_bus 0000:0c: resource 2 [mem 0x385800000000-0x385fffffffff 64bit pref]
Feb 21 22:06:38 extra-ext4-4k kernel: pci_bus 0000:0d: resource 0 [io  0xe000-0xefff]
Feb 21 22:06:38 extra-ext4-4k kernel: pci_bus 0000:0d: resource 1 [mem 0x80200000-0x803fffff]
Feb 21 22:06:38 extra-ext4-4k kernel: pci_bus 0000:0d: resource 2 [mem 0x386000000000-0x3867ffffffff 64bit pref]
Feb 21 22:06:38 extra-ext4-4k kernel: pci_bus 0000:0e: resource 0 [io  0xf000-0xffff]
Feb 21 22:06:38 extra-ext4-4k kernel: pci_bus 0000:0e: resource 1 [mem 0x80000000-0x801fffff]
Feb 21 22:06:38 extra-ext4-4k kernel: pci_bus 0000:0e: resource 2 [mem 0x386800000000-0x386fffffffff 64bit pref]
Feb 21 22:06:38 extra-ext4-4k kernel: pci 0000:20:00.0: bridge window [io  0x1000-0x0fff] to [bus 21] add_size 1000
Feb 21 22:06:38 extra-ext4-4k kernel: pci 0000:20:01.0: bridge window [io  0x1000-0x0fff] to [bus 22] add_size 1000
Feb 21 22:06:38 extra-ext4-4k kernel: pci 0000:20:02.0: bridge window [io  0x1000-0x0fff] to [bus 23] add_size 1000
Feb 21 22:06:38 extra-ext4-4k kernel: pci 0000:20:03.0: bridge window [io  0x1000-0x0fff] to [bus 24] add_size 1000
Feb 21 22:06:38 extra-ext4-4k kernel: pci 0000:20:00.0: bridge window [io  size 0x1000]: can't assign; no space
Feb 21 22:06:38 extra-ext4-4k kernel: pci 0000:20:00.0: bridge window [io  size 0x1000]: failed to assign
Feb 21 22:06:38 extra-ext4-4k kernel: pci 0000:20:01.0: bridge window [io  size 0x1000]: can't assign; no space
Feb 21 22:06:38 extra-ext4-4k kernel: pci 0000:20:01.0: bridge window [io  size 0x1000]: failed to assign
Feb 21 22:06:38 extra-ext4-4k kernel: pci 0000:20:02.0: bridge window [io  size 0x1000]: can't assign; no space
Feb 21 22:06:38 extra-ext4-4k kernel: pci 0000:20:02.0: bridge window [io  size 0x1000]: failed to assign
Feb 21 22:06:38 extra-ext4-4k kernel: pci 0000:20:03.0: bridge window [io  size 0x1000]: can't assign; no space
Feb 21 22:06:38 extra-ext4-4k kernel: pci 0000:20:03.0: bridge window [io  size 0x1000]: failed to assign
Feb 21 22:06:38 extra-ext4-4k kernel: pci 0000:20:03.0: bridge window [io  size 0x1000]: can't assign; no space
Feb 21 22:06:38 extra-ext4-4k kernel: pci 0000:20:03.0: bridge window [io  size 0x1000]: failed to assign
Feb 21 22:06:38 extra-ext4-4k kernel: pci 0000:20:02.0: bridge window [io  size 0x1000]: can't assign; no space
Feb 21 22:06:38 extra-ext4-4k kernel: pci 0000:20:02.0: bridge window [io  size 0x1000]: failed to assign
Feb 21 22:06:38 extra-ext4-4k kernel: pci 0000:20:01.0: bridge window [io  size 0x1000]: can't assign; no space
Feb 21 22:06:38 extra-ext4-4k kernel: pci 0000:20:01.0: bridge window [io  size 0x1000]: failed to assign
Feb 21 22:06:38 extra-ext4-4k kernel: pci 0000:20:00.0: bridge window [io  size 0x1000]: can't assign; no space
Feb 21 22:06:38 extra-ext4-4k kernel: pci 0000:20:00.0: bridge window [io  size 0x1000]: failed to assign
Feb 21 22:06:38 extra-ext4-4k kernel: pci 0000:20:00.0: PCI bridge to [bus 21]
Feb 21 22:06:38 extra-ext4-4k kernel: pci 0000:20:00.0:   bridge window [mem 0x82400000-0x825fffff]
Feb 21 22:06:38 extra-ext4-4k kernel: pci 0000:20:00.0:   bridge window [mem 0x387800000000-0x387fffffffff 64bit pref]
Feb 21 22:06:38 extra-ext4-4k kernel: pci 0000:20:01.0: PCI bridge to [bus 22]
Feb 21 22:06:38 extra-ext4-4k kernel: pci 0000:20:01.0:   bridge window [mem 0x82200000-0x823fffff]
Feb 21 22:06:38 extra-ext4-4k kernel: pci 0000:20:01.0:   bridge window [mem 0x388000000000-0x3887ffffffff 64bit pref]
Feb 21 22:06:38 extra-ext4-4k kernel: pci 0000:20:02.0: PCI bridge to [bus 23]
Feb 21 22:06:38 extra-ext4-4k kernel: pci 0000:20:02.0:   bridge window [mem 0x82000000-0x821fffff]
Feb 21 22:06:38 extra-ext4-4k kernel: pci 0000:20:02.0:   bridge window [mem 0x388800000000-0x388fffffffff 64bit pref]
Feb 21 22:06:38 extra-ext4-4k kernel: pci 0000:20:03.0: PCI bridge to [bus 24]
Feb 21 22:06:38 extra-ext4-4k kernel: pci 0000:20:03.0:   bridge window [mem 0x81e00000-0x81ffffff]
Feb 21 22:06:38 extra-ext4-4k kernel: pci 0000:20:03.0:   bridge window [mem 0x389000000000-0x3897ffffffff 64bit pref]
Feb 21 22:06:38 extra-ext4-4k kernel: pci_bus 0000:20: resource 4 [mem 0x81e00000-0x82603fff window]
Feb 21 22:06:38 extra-ext4-4k kernel: pci_bus 0000:20: resource 5 [mem 0x387800000000-0x3897ffffffff window]
Feb 21 22:06:38 extra-ext4-4k kernel: pci_bus 0000:21: resource 1 [mem 0x82400000-0x825fffff]
Feb 21 22:06:38 extra-ext4-4k kernel: pci_bus 0000:21: resource 2 [mem 0x387800000000-0x387fffffffff 64bit pref]
Feb 21 22:06:38 extra-ext4-4k kernel: pci_bus 0000:22: resource 1 [mem 0x82200000-0x823fffff]
Feb 21 22:06:38 extra-ext4-4k kernel: pci_bus 0000:22: resource 2 [mem 0x388000000000-0x3887ffffffff 64bit pref]
Feb 21 22:06:38 extra-ext4-4k kernel: pci_bus 0000:23: resource 1 [mem 0x82000000-0x821fffff]
Feb 21 22:06:38 extra-ext4-4k kernel: pci_bus 0000:23: resource 2 [mem 0x388800000000-0x388fffffffff 64bit pref]
Feb 21 22:06:38 extra-ext4-4k kernel: pci_bus 0000:24: resource 1 [mem 0x81e00000-0x81ffffff]
Feb 21 22:06:38 extra-ext4-4k kernel: pci_bus 0000:24: resource 2 [mem 0x389000000000-0x3897ffffffff 64bit pref]
Feb 21 22:06:38 extra-ext4-4k kernel: ACPI: \_SB_.GSIF: Enabled at IRQ 21
Feb 21 22:06:38 extra-ext4-4k kernel: pci 0000:02:00.0: quirk_usb_early_handoff+0x0/0x720 took 10616 usecs
Feb 21 22:06:38 extra-ext4-4k kernel: PCI: CLS 0 bytes, default 64
Feb 21 22:06:38 extra-ext4-4k kernel: PCI-DMA: Using software bounce buffering for IO (SWIOTLB)
Feb 21 22:06:38 extra-ext4-4k kernel: software IO TLB: mapped [mem 0x000000006f4c5000-0x00000000734c5000] (64MB)
Feb 21 22:06:38 extra-ext4-4k kernel: clocksource: tsc: mask: 0xffffffffffffffff max_cycles: 0x1fa32a29722, max_idle_ns: 440795224307 ns
Feb 21 22:06:38 extra-ext4-4k kernel: Trying to unpack rootfs image as initramfs...
Feb 21 22:06:38 extra-ext4-4k kernel: clocksource: Switched to clocksource tsc
Feb 21 22:06:38 extra-ext4-4k kernel: Initialise system trusted keyrings
Feb 21 22:06:38 extra-ext4-4k kernel: workingset: timestamp_bits=40 max_order=20 bucket_order=0
Feb 21 22:06:38 extra-ext4-4k kernel: zbud: loaded
Feb 21 22:06:38 extra-ext4-4k kernel: Key type asymmetric registered
Feb 21 22:06:38 extra-ext4-4k kernel: Asymmetric key parser 'x509' registered
Feb 21 22:06:38 extra-ext4-4k kernel: Freeing initrd memory: 108260K
Feb 21 22:06:38 extra-ext4-4k kernel: Block layer SCSI generic (bsg) driver version 0.4 loaded (major 248)
Feb 21 22:06:38 extra-ext4-4k kernel: io scheduler mq-deadline registered
Feb 21 22:06:38 extra-ext4-4k kernel: ledtrig-cpu: registered to indicate activity on CPUs
Feb 21 22:06:38 extra-ext4-4k kernel: pcieport 0000:00:01.0: PME: Signaling with IRQ 24
Feb 21 22:06:38 extra-ext4-4k kernel: pcieport 0000:00:01.0: AER: enabled with IRQ 24
Feb 21 22:06:38 extra-ext4-4k kernel: pcieport 0000:00:01.1: PME: Signaling with IRQ 25
Feb 21 22:06:38 extra-ext4-4k kernel: pcieport 0000:00:01.1: AER: enabled with IRQ 25
Feb 21 22:06:38 extra-ext4-4k kernel: pcieport 0000:00:01.2: PME: Signaling with IRQ 26
Feb 21 22:06:38 extra-ext4-4k kernel: pcieport 0000:00:01.2: AER: enabled with IRQ 26
Feb 21 22:06:38 extra-ext4-4k kernel: pcieport 0000:00:01.3: PME: Signaling with IRQ 27
Feb 21 22:06:38 extra-ext4-4k kernel: pcieport 0000:00:01.3: AER: enabled with IRQ 27
Feb 21 22:06:38 extra-ext4-4k kernel: pcieport 0000:00:01.4: PME: Signaling with IRQ 28
Feb 21 22:06:38 extra-ext4-4k kernel: pcieport 0000:00:01.4: AER: enabled with IRQ 28
Feb 21 22:06:38 extra-ext4-4k kernel: pcieport 0000:00:01.5: PME: Signaling with IRQ 29
Feb 21 22:06:38 extra-ext4-4k kernel: pcieport 0000:00:01.5: AER: enabled with IRQ 29
Feb 21 22:06:38 extra-ext4-4k kernel: pcieport 0000:00:01.6: PME: Signaling with IRQ 30
Feb 21 22:06:38 extra-ext4-4k kernel: pcieport 0000:00:01.6: AER: enabled with IRQ 30
Feb 21 22:06:38 extra-ext4-4k kernel: pcieport 0000:00:01.7: PME: Signaling with IRQ 31
Feb 21 22:06:38 extra-ext4-4k kernel: pcieport 0000:00:01.7: AER: enabled with IRQ 31
Feb 21 22:06:38 extra-ext4-4k kernel: ACPI: \_SB_.GSIG: Enabled at IRQ 22
Feb 21 22:06:38 extra-ext4-4k kernel: pcieport 0000:00:02.0: PME: Signaling with IRQ 32
Feb 21 22:06:38 extra-ext4-4k kernel: pcieport 0000:00:02.0: AER: enabled with IRQ 32
Feb 21 22:06:38 extra-ext4-4k kernel: pcieport 0000:00:02.1: PME: Signaling with IRQ 33
Feb 21 22:06:38 extra-ext4-4k kernel: pcieport 0000:00:02.1: AER: enabled with IRQ 33
Feb 21 22:06:38 extra-ext4-4k kernel: pcieport 0000:00:02.2: PME: Signaling with IRQ 34
Feb 21 22:06:38 extra-ext4-4k kernel: pcieport 0000:00:02.2: AER: enabled with IRQ 34
Feb 21 22:06:38 extra-ext4-4k kernel: pcieport 0000:00:02.3: PME: Signaling with IRQ 35
Feb 21 22:06:38 extra-ext4-4k kernel: pcieport 0000:00:02.3: AER: enabled with IRQ 35
Feb 21 22:06:38 extra-ext4-4k kernel: pcieport 0000:00:02.4: PME: Signaling with IRQ 36
Feb 21 22:06:38 extra-ext4-4k kernel: pcieport 0000:00:02.4: AER: enabled with IRQ 36
Feb 21 22:06:38 extra-ext4-4k kernel: pcieport 0000:00:02.5: PME: Signaling with IRQ 37
Feb 21 22:06:38 extra-ext4-4k kernel: pcieport 0000:00:02.5: AER: enabled with IRQ 37
Feb 21 22:06:38 extra-ext4-4k kernel: ACPI: \_SB_.LNKD: Enabled at IRQ 11
Feb 21 22:06:38 extra-ext4-4k kernel: pcieport 0000:20:00.0: PME: Signaling with IRQ 38
Feb 21 22:06:38 extra-ext4-4k kernel: pcieport 0000:20:00.0: AER: enabled with IRQ 38
Feb 21 22:06:38 extra-ext4-4k kernel: pcieport 0000:20:00.0: pciehp: Slot #0 AttnBtn+ PwrCtrl+ MRL- AttnInd+ PwrInd+ HotPlug+ Surprise+ Interlock+ NoCompl- IbPresDis- LLActRep+
Feb 21 22:06:38 extra-ext4-4k kernel: ACPI: \_SB_.LNKA: Enabled at IRQ 10
Feb 21 22:06:38 extra-ext4-4k kernel: pcieport 0000:20:01.0: PME: Signaling with IRQ 39
Feb 21 22:06:38 extra-ext4-4k kernel: pcieport 0000:20:01.0: AER: enabled with IRQ 39
Feb 21 22:06:38 extra-ext4-4k kernel: pcieport 0000:20:01.0: pciehp: Slot #0 AttnBtn+ PwrCtrl+ MRL- AttnInd+ PwrInd+ HotPlug+ Surprise+ Interlock+ NoCompl- IbPresDis- LLActRep+
Feb 21 22:06:38 extra-ext4-4k kernel: ACPI: \_SB_.LNKB: Enabled at IRQ 10
Feb 21 22:06:38 extra-ext4-4k kernel: pcieport 0000:20:02.0: PME: Signaling with IRQ 40
Feb 21 22:06:38 extra-ext4-4k kernel: pcieport 0000:20:02.0: AER: enabled with IRQ 40
Feb 21 22:06:38 extra-ext4-4k kernel: pcieport 0000:20:02.0: pciehp: Slot #0 AttnBtn+ PwrCtrl+ MRL- AttnInd+ PwrInd+ HotPlug+ Surprise+ Interlock+ NoCompl- IbPresDis- LLActRep+
Feb 21 22:06:38 extra-ext4-4k kernel: ACPI: \_SB_.LNKC: Enabled at IRQ 11
Feb 21 22:06:38 extra-ext4-4k kernel: pcieport 0000:20:03.0: PME: Signaling with IRQ 41
Feb 21 22:06:38 extra-ext4-4k kernel: pcieport 0000:20:03.0: AER: enabled with IRQ 41
Feb 21 22:06:38 extra-ext4-4k kernel: pcieport 0000:20:03.0: pciehp: Slot #0 AttnBtn+ PwrCtrl+ MRL- AttnInd+ PwrInd+ HotPlug+ Surprise+ Interlock+ NoCompl- IbPresDis- LLActRep+
Feb 21 22:06:38 extra-ext4-4k kernel: shpchp: Standard Hot Plug PCI Controller Driver version: 0.4
Feb 21 22:06:38 extra-ext4-4k kernel: Serial: 8250/16550 driver, 4 ports, IRQ sharing enabled
Feb 21 22:06:38 extra-ext4-4k kernel: 00:00: ttyS0 at I/O 0x3f8 (irq = 4, base_baud = 115200) is a 16550A
Feb 21 22:06:38 extra-ext4-4k kernel: Linux agpgart interface v0.103
Feb 21 22:06:38 extra-ext4-4k kernel: i8042: PNP: PS/2 Controller [PNP0303:KBD,PNP0f13:MOU] at 0x60,0x64 irq 1,12
Feb 21 22:06:38 extra-ext4-4k kernel: serio: i8042 KBD port at 0x60,0x64 irq 1
Feb 21 22:06:38 extra-ext4-4k kernel: serio: i8042 AUX port at 0x60,0x64 irq 12
Feb 21 22:06:38 extra-ext4-4k kernel: mousedev: PS/2 mouse device common for all mice
Feb 21 22:06:38 extra-ext4-4k kernel: rtc_cmos 00:03: RTC can wake from S4
Feb 21 22:06:38 extra-ext4-4k kernel: input: AT Translated Set 2 keyboard as /devices/platform/i8042/serio0/input/input0
Feb 21 22:06:38 extra-ext4-4k kernel: rtc_cmos 00:03: registered as rtc0
Feb 21 22:06:38 extra-ext4-4k kernel: rtc_cmos 00:03: setting system clock to 2025-02-21T22:06:35 UTC (1740175595)
Feb 21 22:06:38 extra-ext4-4k kernel: rtc_cmos 00:03: alarms up to one day, y3k, 242 bytes nvram
Feb 21 22:06:38 extra-ext4-4k kernel: intel_pstate: CPU model not supported
Feb 21 22:06:38 extra-ext4-4k kernel: pstore: Using crash dump compression: deflate
Feb 21 22:06:38 extra-ext4-4k kernel: pstore: Registered efi_pstore as persistent store backend
Feb 21 22:06:38 extra-ext4-4k kernel: NET: Registered PF_INET6 protocol family
Feb 21 22:06:38 extra-ext4-4k kernel: Segment Routing with IPv6
Feb 21 22:06:38 extra-ext4-4k kernel: In-situ OAM (IOAM) with IPv6
Feb 21 22:06:38 extra-ext4-4k kernel: mip6: Mobile IPv6
Feb 21 22:06:38 extra-ext4-4k kernel: NET: Registered PF_PACKET protocol family
Feb 21 22:06:38 extra-ext4-4k kernel: 9pnet: Installing 9P2000 support
Feb 21 22:06:38 extra-ext4-4k kernel: mpls_gso: MPLS GSO support
Feb 21 22:06:38 extra-ext4-4k kernel: IPI shorthand broadcast: enabled
Feb 21 22:06:38 extra-ext4-4k kernel: sched_clock: Marking stable (2120003150, 155396294)->(2446939241, -171539797)
Feb 21 22:06:38 extra-ext4-4k kernel: registered taskstats version 1
Feb 21 22:06:38 extra-ext4-4k kernel: Loading compiled-in X.509 certificates
Feb 21 22:06:38 extra-ext4-4k kernel: Demotion targets for Node 0: null
Feb 21 22:06:38 extra-ext4-4k kernel: kmemleak: Kernel memory leak detector initialized (mem pool available: 15686)
Feb 21 22:06:38 extra-ext4-4k kernel: Key type .fscrypt registered
Feb 21 22:06:38 extra-ext4-4k kernel: Key type fscrypt-provisioning registered
Feb 21 22:06:38 extra-ext4-4k kernel: AppArmor: AppArmor sha256 policy hashing enabled
Feb 21 22:06:38 extra-ext4-4k kernel: clk: Disabling unused clocks
Feb 21 22:06:38 extra-ext4-4k kernel: Freeing unused kernel image (initmem) memory: 3148K
Feb 21 22:06:38 extra-ext4-4k kernel: Write protecting the kernel read-only data: 20480k
Feb 21 22:06:38 extra-ext4-4k kernel: Freeing unused kernel image (text/rodata gap) memory: 204K
Feb 21 22:06:38 extra-ext4-4k kernel: Freeing unused kernel image (rodata/data gap) memory: 140K
Feb 21 22:06:38 extra-ext4-4k kernel: x86/mm: Checked W+X mappings: passed, no W+X pages found.
Feb 21 22:06:38 extra-ext4-4k kernel: Run /init as init process
Feb 21 22:06:38 extra-ext4-4k kernel:   with arguments:
Feb 21 22:06:38 extra-ext4-4k kernel:     /init
Feb 21 22:06:38 extra-ext4-4k kernel:   with environment:
Feb 21 22:06:38 extra-ext4-4k kernel:     HOME=/
Feb 21 22:06:38 extra-ext4-4k kernel:     TERM=linux
Feb 21 22:06:38 extra-ext4-4k kernel:     BOOT_IMAGE=/boot/vmlinuz-6.14.0-rc3
Feb 21 22:06:38 extra-ext4-4k kernel: ACPI: \_SB_.GSIE: Enabled at IRQ 20
Feb 21 22:06:38 extra-ext4-4k kernel: input: VirtualPS/2 VMware VMMouse as /devices/platform/i8042/serio1/input/input3
Feb 21 22:06:38 extra-ext4-4k kernel: input: VirtualPS/2 VMware VMMouse as /devices/platform/i8042/serio1/input/input2
Feb 21 22:06:38 extra-ext4-4k kernel: virtio_blk virtio3: 8/0/0 default/read/poll queues
Feb 21 22:06:38 extra-ext4-4k kernel: virtio_blk virtio3: [vda] 41943040 512-byte logical blocks (21.5 GB/20.0 GiB)
Feb 21 22:06:38 extra-ext4-4k kernel:  vda: vda1 vda2 vda3
Feb 21 22:06:38 extra-ext4-4k kernel: virtio_blk virtio6: 8/0/0 default/read/poll queues
Feb 21 22:06:38 extra-ext4-4k kernel: virtio_blk virtio6: [vdb] 209715200 512-byte logical blocks (107 GB/100 GiB)
Feb 21 22:06:38 extra-ext4-4k kernel: virtio_net virtio1 enp1s0: renamed from eth0
Feb 21 22:06:38 extra-ext4-4k kernel: virtio_blk virtio7: 8/0/0 default/read/poll queues
Feb 21 22:06:38 extra-ext4-4k kernel: virtio_blk virtio7: [vdc] 209715200 512-byte logical blocks (107 GB/100 GiB)
Feb 21 22:06:38 extra-ext4-4k kernel: virtio_blk virtio8: 8/0/0 default/read/poll queues
Feb 21 22:06:38 extra-ext4-4k kernel: virtio_blk virtio8: [vdd] 209715200 512-byte logical blocks (107 GB/100 GiB)
Feb 21 22:06:38 extra-ext4-4k kernel: virtio_blk virtio9: 8/0/0 default/read/poll queues
Feb 21 22:06:38 extra-ext4-4k kernel: virtio_blk virtio9: [vde] 209715200 512-byte logical blocks (107 GB/100 GiB)
Feb 21 22:06:38 extra-ext4-4k kernel: raid6: avx512x4 gen() 36825 MB/s
Feb 21 22:06:38 extra-ext4-4k kernel: raid6: avx512x2 gen() 43022 MB/s
Feb 21 22:06:38 extra-ext4-4k kernel: raid6: avx512x1 gen() 15773 MB/s
Feb 21 22:06:38 extra-ext4-4k kernel: raid6: avx2x4   gen() 30457 MB/s
Feb 21 22:06:38 extra-ext4-4k kernel: raid6: avx2x2   gen() 31291 MB/s
Feb 21 22:06:38 extra-ext4-4k kernel: raid6: avx2x1   gen() 24648 MB/s
Feb 21 22:06:38 extra-ext4-4k kernel: raid6: using algorithm avx512x2 gen() 43022 MB/s
Feb 21 22:06:38 extra-ext4-4k kernel: raid6: .... xor() 24572 MB/s, rmw enabled
Feb 21 22:06:38 extra-ext4-4k kernel: raid6: using avx512x2 recovery algorithm
Feb 21 22:06:38 extra-ext4-4k kernel: xor: automatically using best checksumming function   avx       
Feb 21 22:06:38 extra-ext4-4k kernel: async_tx: api initialized (async)
Feb 21 22:06:38 extra-ext4-4k kernel: Btrfs loaded, zoned=yes, fsverity=no
Feb 21 22:06:38 extra-ext4-4k kernel: EXT4-fs (vda3): mounted filesystem 3086609b-c712-42a2-8089-501e7591cce2 ro with ordered data mode. Quota mode: none.
Feb 21 22:06:38 extra-ext4-4k kernel: Not activating Mandatory Access Control as /sbin/tomoyo-init does not exist.
Feb 21 22:06:38 extra-ext4-4k systemd[1]: Inserted module 'autofs4'
Feb 21 22:06:38 extra-ext4-4k systemd[1]: systemd 257.3-1 running in system mode (+PAM +AUDIT +SELINUX +APPARMOR +IMA +IPE +SMACK +SECCOMP +GCRYPT -GNUTLS +OPENSSL +ACL +BLKID +CURL +ELFUTILS +FIDO2 +IDN2 -IDN +IPTC +KMOD +LIBCRYPTSETUP +LIBCRYPTSETUP_PLUGINS +LIBFDISK +PCRE2 +PWQUALITY +P11KIT +QRENCODE +TPM2 +BZIP2 +LZ4 +XZ +ZLIB +ZSTD +BPF_FRAMEWORK +BTF -XKBCOMMON -UTMP +SYSVINIT +LIBARCHIVE)
Feb 21 22:06:38 extra-ext4-4k systemd[1]: Detected virtualization kvm.
Feb 21 22:06:38 extra-ext4-4k systemd[1]: Detected architecture x86-64.
Feb 21 22:06:38 extra-ext4-4k systemd[1]: Hostname set to <extra-ext4-4k>.
Feb 21 22:06:38 extra-ext4-4k systemd[1]: bpf-restrict-fs: BPF LSM hook not enabled in the kernel, BPF LSM not supported.
Feb 21 22:06:38 extra-ext4-4k kernel: NET: Registered PF_VSOCK protocol family
Feb 21 22:06:38 extra-ext4-4k systemd[1]: Configuration file /run/systemd/system/netplan-ovs-cleanup.service is marked world-inaccessible. This has no effect as configuration data is accessible via APIs without restrictions. Proceeding anyway.
Feb 21 22:06:38 extra-ext4-4k systemd[1]: Condition check resulted in -.slice - Root Slice being skipped.
Feb 21 22:06:38 extra-ext4-4k systemd[1]: Condition check resulted in system.slice - System Slice being skipped.
Feb 21 22:06:38 extra-ext4-4k systemd[1]: Queued start job for default target graphical.target.
Feb 21 22:06:38 extra-ext4-4k systemd[1]: Created slice system-getty.slice - Slice /system/getty.
Feb 21 22:06:38 extra-ext4-4k systemd[1]: Created slice system-modprobe.slice - Slice /system/modprobe.
Feb 21 22:06:38 extra-ext4-4k systemd[1]: Created slice system-serial\x2dgetty.slice - Slice /system/serial-getty.
Feb 21 22:06:38 extra-ext4-4k systemd[1]: Created slice system-xfs_scrub.slice - xfs_scrub background service slice.
Feb 21 22:06:38 extra-ext4-4k systemd[1]: Created slice user.slice - User and Session Slice.
Feb 21 22:06:38 extra-ext4-4k systemd[1]: Started systemd-ask-password-console.path - Dispatch Password Requests to Console Directory Watch.
Feb 21 22:06:38 extra-ext4-4k systemd[1]: Started systemd-ask-password-wall.path - Forward Password Requests to Wall Directory Watch.
Feb 21 22:06:38 extra-ext4-4k systemd[1]: proc-sys-fs-binfmt_misc.automount - Arbitrary Executable File Formats File System Automount Point was skipped because of an unmet condition check (ConditionPathExists=/proc/sys/fs/binfmt_misc).
Feb 21 22:06:38 extra-ext4-4k systemd[1]: Expecting device dev-disk-by\x2dlabel-data.device - /dev/disk/by-label/data...
Feb 21 22:06:38 extra-ext4-4k systemd[1]: Expecting device dev-disk-by\x2dlabel-sparsefiles.device - /dev/disk/by-label/sparsefiles...
Feb 21 22:06:38 extra-ext4-4k systemd[1]: Expecting device dev-disk-by\x2dpartuuid-3e9a1efe\x2d9866\x2d4cc9\x2db0f3\x2dee56a8ae21f5.device - /dev/disk/by-partuuid/3e9a1efe-9866-4cc9-b0f3-ee56a8ae21f5...
Feb 21 22:06:38 extra-ext4-4k systemd[1]: Expecting device dev-ttyS0.device - /dev/ttyS0...
Feb 21 22:06:38 extra-ext4-4k systemd[1]: Reached target paths.target - Path Units.
Feb 21 22:06:38 extra-ext4-4k systemd[1]: Reached target slices.target - Slice Units.
Feb 21 22:06:38 extra-ext4-4k systemd[1]: Reached target swap.target - Swaps.
Feb 21 22:06:38 extra-ext4-4k systemd[1]: Listening on dm-event.socket - Device-mapper event daemon FIFOs.
Feb 21 22:06:38 extra-ext4-4k systemd[1]: Listening on lvm2-lvmpolld.socket - LVM2 poll daemon socket.
Feb 21 22:06:38 extra-ext4-4k systemd[1]: Listening on rpcbind.socket - RPCbind Server Activation Socket.
Feb 21 22:06:38 extra-ext4-4k systemd[1]: Listening on systemd-creds.socket - Credential Encryption/Decryption.
Feb 21 22:06:38 extra-ext4-4k systemd[1]: Listening on systemd-initctl.socket - initctl Compatibility Named Pipe.
Feb 21 22:06:38 extra-ext4-4k systemd[1]: Listening on systemd-journald-dev-log.socket - Journal Socket (/dev/log).
Feb 21 22:06:38 extra-ext4-4k systemd[1]: Listening on systemd-journald.socket - Journal Sockets.
Feb 21 22:06:38 extra-ext4-4k systemd[1]: Listening on systemd-networkd.socket - Network Service Netlink Socket.
Feb 21 22:06:38 extra-ext4-4k systemd[1]: systemd-pcrextend.socket - TPM PCR Measurements was skipped because of an unmet condition check (ConditionSecurity=measured-uki).
Feb 21 22:06:38 extra-ext4-4k systemd[1]: systemd-pcrlock.socket - Make TPM PCR Policy was skipped because of an unmet condition check (ConditionSecurity=measured-uki).
Feb 21 22:06:38 extra-ext4-4k systemd[1]: Listening on systemd-udevd-control.socket - udev Control Socket.
Feb 21 22:06:38 extra-ext4-4k systemd[1]: Listening on systemd-udevd-kernel.socket - udev Kernel Socket.
Feb 21 22:06:38 extra-ext4-4k systemd[1]: Mounting dev-hugepages.mount - Huge Pages File System...
Feb 21 22:06:38 extra-ext4-4k systemd[1]: Mounting dev-mqueue.mount - POSIX Message Queue File System...
Feb 21 22:06:38 extra-ext4-4k systemd[1]: Mounting run-lock.mount - Legacy Locks Directory /run/lock...
Feb 21 22:06:38 extra-ext4-4k systemd[1]: Mounting sys-kernel-debug.mount - Kernel Debug File System...
Feb 21 22:06:38 extra-ext4-4k systemd[1]: Mounting sys-kernel-tracing.mount - Kernel Trace File System...
Feb 21 22:06:38 extra-ext4-4k systemd[1]: Mounting tmp.mount - Temporary Directory /tmp...
Feb 21 22:06:38 extra-ext4-4k systemd[1]: auth-rpcgss-module.service - Kernel Module supporting RPCSEC_GSS was skipped because of an unmet condition check (ConditionPathExists=/etc/krb5.keytab).
Feb 21 22:06:38 extra-ext4-4k systemd[1]: Starting kmod-static-nodes.service - Create List of Static Device Nodes...
Feb 21 22:06:38 extra-ext4-4k systemd[1]: Starting lvm2-monitor.service - Monitoring of LVM2 mirrors, snapshots etc. using dmeventd or progress polling...
Feb 21 22:06:38 extra-ext4-4k systemd[1]: Starting modprobe@configfs.service - Load Kernel Module configfs...
Feb 21 22:06:38 extra-ext4-4k systemd[1]: Starting modprobe@drm.service - Load Kernel Module drm...
Feb 21 22:06:38 extra-ext4-4k systemd[1]: Starting modprobe@efi_pstore.service - Load Kernel Module efi_pstore...
Feb 21 22:06:38 extra-ext4-4k systemd[1]: Starting modprobe@fuse.service - Load Kernel Module fuse...
Feb 21 22:06:38 extra-ext4-4k systemd[1]: Starting modprobe@nvme_fabrics.service - Load Kernel Module nvme_fabrics...
Feb 21 22:06:38 extra-ext4-4k systemd[1]: netplan-ovs-cleanup.service - OpenVSwitch configuration for cleanup was skipped because of an unmet condition check (ConditionFileIsExecutable=/usr/bin/ovs-vsctl).
Feb 21 22:06:38 extra-ext4-4k systemd[1]: systemd-fsck-root.service - File System Check on Root Device was skipped because of an unmet condition check (ConditionPathExists=!/run/initramfs/fsck-root).
Feb 21 22:06:38 extra-ext4-4k systemd[1]: systemd-hibernate-clear.service - Clear Stale Hibernate Storage Info was skipped because of an unmet condition check (ConditionPathExists=/sys/firmware/efi/efivars/HibernateLocation-8cf2644b-4b0b-428f-9387-6d876050dc67).
Feb 21 22:06:38 extra-ext4-4k systemd[1]: Starting systemd-journald.service - Journal Service...
Feb 21 22:06:38 extra-ext4-4k systemd[1]: Starting systemd-modules-load.service - Load Kernel Modules...
Feb 21 22:06:38 extra-ext4-4k systemd[1]: Starting systemd-network-generator.service - Generate network units from Kernel command line...
Feb 21 22:06:38 extra-ext4-4k systemd[1]: systemd-pcrmachine.service - TPM PCR Machine ID Measurement was skipped because of an unmet condition check (ConditionSecurity=measured-uki).
Feb 21 22:06:38 extra-ext4-4k systemd[1]: Starting systemd-remount-fs.service - Remount Root and Kernel File Systems...
Feb 21 22:06:38 extra-ext4-4k systemd[1]: systemd-tpm2-setup-early.service - Early TPM SRK Setup was skipped because of an unmet condition check (ConditionSecurity=measured-uki).
Feb 21 22:06:38 extra-ext4-4k systemd[1]: Starting systemd-udev-load-credentials.service - Load udev Rules from Credentials...
Feb 21 22:06:38 extra-ext4-4k systemd[1]: Starting systemd-udev-trigger.service - Coldplug All udev Devices...
Feb 21 22:06:38 extra-ext4-4k systemd[1]: Mounted dev-hugepages.mount - Huge Pages File System.
Feb 21 22:06:38 extra-ext4-4k systemd[1]: Mounted dev-mqueue.mount - POSIX Message Queue File System.
Feb 21 22:06:38 extra-ext4-4k systemd[1]: Mounted run-lock.mount - Legacy Locks Directory /run/lock.
Feb 21 22:06:38 extra-ext4-4k systemd[1]: Mounted sys-kernel-debug.mount - Kernel Debug File System.
Feb 21 22:06:38 extra-ext4-4k kernel: ACPI: bus type drm_connector registered
Feb 21 22:06:38 extra-ext4-4k kernel: device-mapper: uevent: version 1.0.3
Feb 21 22:06:38 extra-ext4-4k systemd[1]: Mounted sys-kernel-tracing.mount - Kernel Trace File System.
Feb 21 22:06:38 extra-ext4-4k kernel: device-mapper: ioctl: 4.49.0-ioctl (2025-01-17) initialised: dm-devel@lists.linux.dev
Feb 21 22:06:38 extra-ext4-4k systemd[1]: Mounted tmp.mount - Temporary Directory /tmp.
Feb 21 22:06:38 extra-ext4-4k systemd[1]: Finished kmod-static-nodes.service - Create List of Static Device Nodes.
Feb 21 22:06:38 extra-ext4-4k systemd[1]: modprobe@configfs.service: Deactivated successfully.
Feb 21 22:06:38 extra-ext4-4k systemd[1]: Finished modprobe@configfs.service - Load Kernel Module configfs.
Feb 21 22:06:38 extra-ext4-4k systemd[1]: modprobe@drm.service: Deactivated successfully.
Feb 21 22:06:38 extra-ext4-4k systemd[1]: Finished modprobe@drm.service - Load Kernel Module drm.
Feb 21 22:06:38 extra-ext4-4k systemd[1]: modprobe@efi_pstore.service: Deactivated successfully.
Feb 21 22:06:38 extra-ext4-4k systemd[1]: Finished modprobe@efi_pstore.service - Load Kernel Module efi_pstore.
Feb 21 22:06:38 extra-ext4-4k systemd[1]: modprobe@fuse.service: Deactivated successfully.
Feb 21 22:06:38 extra-ext4-4k systemd[1]: Finished modprobe@fuse.service - Load Kernel Module fuse.
Feb 21 22:06:38 extra-ext4-4k systemd[1]: modprobe@nvme_fabrics.service: Deactivated successfully.
Feb 21 22:06:38 extra-ext4-4k kernel: EXT4-fs (vda3): re-mounted 3086609b-c712-42a2-8089-501e7591cce2 r/w. Quota mode: none.
Feb 21 22:06:38 extra-ext4-4k systemd[1]: Finished modprobe@nvme_fabrics.service - Load Kernel Module nvme_fabrics.
Feb 21 22:06:38 extra-ext4-4k systemd[1]: Finished systemd-modules-load.service - Load Kernel Modules.
Feb 21 22:06:38 extra-ext4-4k systemd-journald[349]: Collecting audit messages is disabled.
Feb 21 22:06:38 extra-ext4-4k systemd[1]: Finished systemd-network-generator.service - Generate network units from Kernel command line.
Feb 21 22:06:38 extra-ext4-4k systemd[1]: Finished systemd-remount-fs.service - Remount Root and Kernel File Systems.
Feb 21 22:06:38 extra-ext4-4k systemd[1]: Finished systemd-udev-load-credentials.service - Load udev Rules from Credentials.
Feb 21 22:06:38 extra-ext4-4k systemd[1]: Reached target network-pre.target - Preparation for Network.
Feb 21 22:06:38 extra-ext4-4k systemd[1]: Starting systemd-growfs-root.service - Grow Root File System...
Feb 21 22:06:38 extra-ext4-4k systemd[1]: systemd-hwdb-update.service - Rebuild Hardware Database was skipped because of an unmet condition check (ConditionNeedsUpdate=/etc).
Feb 21 22:06:38 extra-ext4-4k systemd[1]: systemd-pstore.service - Platform Persistent Storage Archival was skipped because of an unmet condition check (ConditionDirectoryNotEmpty=/sys/fs/pstore).
Feb 21 22:06:38 extra-ext4-4k systemd[1]: Starting systemd-random-seed.service - Load/Save OS Random Seed...
Feb 21 22:06:38 extra-ext4-4k systemd[1]: Starting systemd-sysctl.service - Apply Kernel Variables...
Feb 21 22:06:38 extra-ext4-4k systemd[1]: Starting systemd-tmpfiles-setup-dev-early.service - Create Static Device Nodes in /dev gracefully...
Feb 21 22:06:38 extra-ext4-4k systemd[1]: systemd-tpm2-setup.service - TPM SRK Setup was skipped because of an unmet condition check (ConditionSecurity=measured-uki).
